// Vitest Snapshot v1, https://vitest.dev/guide/snapshot.html

exports[`testing basefollowbutton > This snapchot works? 1`] = `
"<div data-test=\\"default-slot\\">
  <!--v-if-->
  <div class=\\"w-fit h-fit cursor-pointer p-1 rounded-md bg-inversePrimary text-onPrimary hover:bg-primary\\" id=\\"follow\\">
    <p class=\\"not-prose\\">Follow</p>
  </div>
</div>"
`;
