// Vitest Snapshot v1, https://vitest.dev/guide/snapshot.html

exports[`Testing the index page > Should match snapshot 1`] = `
VueWrapper {
  "__app": {
    "_component": {
      "name": "VTU_ROOT",
      "render": [Function],
      "setup": [Function],
    },
    "_container": <div
      data-v-app=""
    >
      
      <div
        class="mt-8 max-w-[1100px] w-full mx-auto px-6 grid grid-cols-10 gap-28"
      >
        <div
          class="col-span-6 mx-auto w-full"
          data-test="everything"
        >
          <!-- 
				* No api fetching is here.
				* No url "manipulation" (local, or api) changing either.
			-->
          <feed-main-stub />
        </div>
        <div
          class="col-span-4 mx-auto w-full"
          id="feed-sidebar"
        >
          <feed-sidebar-stub />
        </div>
      </div>
      <!-- fallback -->
      
    </div>,
    "_context": {
      "app": [Circular],
      "components": {
        "FeedMain": {
          "name": "FeedMain",
        },
        "FeedSidebar": {
          "name": "FeedSidebar",
        },
        "transition": {
          "name": "transition",
        },
        "transition-group": {
          "name": "transition-group",
        },
      },
      "config": {
        "compilerOptions": {},
        "errorHandler": undefined,
        "globalProperties": {
          "$pinia": {
            "_a": [Circular],
            "_e": EffectScope {
              "_active": true,
              "cleanups": [],
              "detached": true,
              "effects": [],
              "parent": undefined,
            },
            "_p": [
              [Function],
              [Function],
              [Function],
            ],
            "_s": Map {},
            "_testing": true,
            "app": [Circular],
            "install": [Function],
            "state": RefImpl {
              "__v_isRef": true,
              "__v_isShallow": false,
              "_rawValue": {},
              "_value": {},
              "dep": undefined,
            },
            "use": [Function],
          },
        },
        "isNativeTag": [Function],
        "optionMergeStrategies": {},
        "performance": false,
        "warnHandler": undefined,
      },
      "directives": {},
      "emitsCache": WeakMap {},
      "mixins": [
        {
          "beforeCreate": [Function],
        },
      ],
      "optionsCache": WeakMap {},
      "propsCache": WeakMap {},
      "provides": {
        Symbol(pinia): {
          "_a": [Circular],
          "_e": EffectScope {
            "_active": true,
            "cleanups": [],
            "detached": true,
            "effects": [],
            "parent": undefined,
          },
          "_p": [
            [Function],
            [Function],
            [Function],
          ],
          "_s": Map {},
          "_testing": true,
          "app": [Circular],
          "install": [Function],
          "state": RefImpl {
            "__v_isRef": true,
            "__v_isShallow": false,
            "_rawValue": {},
            "_value": {},
            "dep": undefined,
          },
          "use": [Function],
        },
      },
      "reload": [Function],
    },
    "_instance": {
      "a": null,
      "accessCache": {},
      "appContext": {
        "app": [Circular],
        "components": {
          "FeedMain": {
            "name": "FeedMain",
          },
          "FeedSidebar": {
            "name": "FeedSidebar",
          },
          "transition": {
            "name": "transition",
          },
          "transition-group": {
            "name": "transition-group",
          },
        },
        "config": {
          "compilerOptions": {},
          "errorHandler": undefined,
          "globalProperties": {
            "$pinia": {
              "_a": [Circular],
              "_e": EffectScope {
                "_active": true,
                "cleanups": [],
                "detached": true,
                "effects": [],
                "parent": undefined,
              },
              "_p": [
                [Function],
                [Function],
                [Function],
              ],
              "_s": Map {},
              "_testing": true,
              "app": [Circular],
              "install": [Function],
              "state": RefImpl {
                "__v_isRef": true,
                "__v_isShallow": false,
                "_rawValue": {},
                "_value": {},
                "dep": undefined,
              },
              "use": [Function],
            },
          },
          "isNativeTag": [Function],
          "optionMergeStrategies": {},
          "performance": false,
          "warnHandler": undefined,
        },
        "directives": {},
        "emitsCache": WeakMap {},
        "mixins": [
          {
            "beforeCreate": [Function],
          },
        ],
        "optionsCache": WeakMap {},
        "propsCache": WeakMap {},
        "provides": {
          Symbol(pinia): {
            "_a": [Circular],
            "_e": EffectScope {
              "_active": true,
              "cleanups": [],
              "detached": true,
              "effects": [],
              "parent": undefined,
            },
            "_p": [
              [Function],
              [Function],
              [Function],
            ],
            "_s": Map {},
            "_testing": true,
            "app": [Circular],
            "install": [Function],
            "state": RefImpl {
              "__v_isRef": true,
              "__v_isShallow": false,
              "_rawValue": {},
              "_value": {},
              "dep": undefined,
            },
            "use": [Function],
          },
        },
        "reload": [Function],
      },
      "asyncDep": null,
      "asyncResolved": false,
      "attrs": {},
      "attrsProxy": null,
      "bc": null,
      "bm": null,
      "bu": null,
      "bum": null,
      "c": null,
      "components": null,
      "ctx": {
        "VTU_COMPONENT": {},
      },
      "da": null,
      "data": {},
      "devtoolsRawSetupState": {
        "VTU_COMPONENT": RefImpl {
          "__v_isRef": true,
          "__v_isShallow": false,
          "_rawValue": {},
          "_value": {},
          "dep": undefined,
        },
      },
      "directives": null,
      "ec": null,
      "effect": ReactiveEffect {
        "_depsLength": 3,
        "_dirtyLevel": 0,
        "_queryings": 0,
        "_runnings": 0,
        "_trackId": 1,
        "active": true,
        "allowRecurse": true,
        "deps": [
          Map {
            [Circular] => 1,
          },
          Map {
            [Circular] => 1,
          },
          Map {
            [Circular] => 1,
          },
        ],
        "fn": [Function],
        "onTrack": undefined,
        "onTrigger": undefined,
        "scheduler": [Function],
        "trigger": [Function],
      },
      "emit": [Function],
      "emitsOptions": null,
      "emitted": null,
      "exposeProxy": null,
      "exposed": null,
      "inheritAttrs": undefined,
      "isDeactivated": false,
      "isMounted": true,
      "isUnmounted": false,
      "m": null,
      "next": null,
      "parent": null,
      "props": {},
      "propsDefaults": {},
      "propsOptions": [
        {},
        [],
      ],
      "provides": {},
      "proxy": {
        "VTU_COMPONENT": {},
      },
      "refs": {
        "VTU_COMPONENT": {},
      },
      "render": [Function],
      "renderCache": [],
      "root": [Circular],
      "rtc": null,
      "rtg": null,
      "scope": EffectScope {
        "_active": true,
        "cleanups": [],
        "detached": true,
        "effects": [
          ReactiveEffect {
            "_depsLength": 3,
            "_dirtyLevel": 0,
            "_queryings": 0,
            "_runnings": 0,
            "_trackId": 1,
            "active": true,
            "allowRecurse": true,
            "deps": [
              Map {
                [Circular] => 1,
              },
              Map {
                [Circular] => 1,
              },
              Map {
                [Circular] => 1,
              },
            ],
            "fn": [Function],
            "onTrack": undefined,
            "onTrigger": undefined,
            "scheduler": [Function],
            "trigger": [Function],
          },
        ],
        "parent": undefined,
      },
      "setupContext": null,
      "setupState": {
        "VTU_COMPONENT": {},
      },
      "slots": {},
      "slotsProxy": null,
      "sp": null,
      "subTree": {
        "__v_isVNode": true,
        "__v_skip": true,
        "anchor": null,
        "appContext": null,
        "children": {
          "_ctx": [Circular],
        },
        "component": {
          "a": null,
          "accessCache": {},
          "appContext": {
            "app": [Circular],
            "components": {
              "FeedMain": {
                "name": "FeedMain",
              },
              "FeedSidebar": {
                "name": "FeedSidebar",
              },
              "transition": {
                "name": "transition",
              },
              "transition-group": {
                "name": "transition-group",
              },
            },
            "config": {
              "compilerOptions": {},
              "errorHandler": undefined,
              "globalProperties": {
                "$pinia": {
                  "_a": [Circular],
                  "_e": EffectScope {
                    "_active": true,
                    "cleanups": [],
                    "detached": true,
                    "effects": [],
                    "parent": undefined,
                  },
                  "_p": [
                    [Function],
                    [Function],
                    [Function],
                  ],
                  "_s": Map {},
                  "_testing": true,
                  "app": [Circular],
                  "install": [Function],
                  "state": RefImpl {
                    "__v_isRef": true,
                    "__v_isShallow": false,
                    "_rawValue": {},
                    "_value": {},
                    "dep": undefined,
                  },
                  "use": [Function],
                },
              },
              "isNativeTag": [Function],
              "optionMergeStrategies": {},
              "performance": false,
              "warnHandler": undefined,
            },
            "directives": {},
            "emitsCache": WeakMap {},
            "mixins": [
              {
                "beforeCreate": [Function],
              },
            ],
            "optionsCache": WeakMap {},
            "propsCache": WeakMap {},
            "provides": {
              Symbol(pinia): {
                "_a": [Circular],
                "_e": EffectScope {
                  "_active": true,
                  "cleanups": [],
                  "detached": true,
                  "effects": [],
                  "parent": undefined,
                },
                "_p": [
                  [Function],
                  [Function],
                  [Function],
                ],
                "_s": Map {},
                "_testing": true,
                "app": [Circular],
                "install": [Function],
                "state": RefImpl {
                  "__v_isRef": true,
                  "__v_isShallow": false,
                  "_rawValue": {},
                  "_value": {},
                  "dep": undefined,
                },
                "use": [Function],
              },
            },
            "reload": [Function],
          },
          "asyncDep": null,
          "asyncResolved": false,
          "attrs": {},
          "attrsProxy": null,
          "bc": null,
          "bm": null,
          "bu": null,
          "bum": null,
          "c": null,
          "components": {},
          "ctx": {},
          "da": null,
          "data": {},
          "devtoolsRawSetupState": {},
          "directives": null,
          "ec": null,
          "effect": ReactiveEffect {
            "_depsLength": 0,
            "_dirtyLevel": 0,
            "_queryings": 0,
            "_runnings": 0,
            "_trackId": 1,
            "active": true,
            "allowRecurse": true,
            "deps": [],
            "fn": [Function],
            "onTrack": undefined,
            "onTrigger": undefined,
            "scheduler": [Function],
            "trigger": [Function],
          },
          "emit": [Function],
          "emitsOptions": null,
          "emitted": null,
          "exposeProxy": {},
          "exposed": {},
          "inheritAttrs": undefined,
          "isDeactivated": false,
          "isMounted": true,
          "isUnmounted": false,
          "m": null,
          "next": null,
          "parent": [Circular],
          "props": {},
          "propsDefaults": {},
          "propsOptions": [
            {},
            [],
          ],
          "provides": {},
          "proxy": {},
          "refs": {},
          "render": [Function],
          "renderCache": [],
          "root": [Circular],
          "rtc": null,
          "rtg": null,
          "scope": EffectScope {
            "_active": true,
            "cleanups": [],
            "detached": true,
            "effects": [
              ReactiveEffect {
                "_depsLength": 0,
                "_dirtyLevel": 0,
                "_queryings": 0,
                "_runnings": 0,
                "_trackId": 1,
                "active": true,
                "allowRecurse": true,
                "deps": [],
                "fn": [Function],
                "onTrack": undefined,
                "onTrigger": undefined,
                "scheduler": [Function],
                "trigger": [Function],
              },
            ],
            "parent": undefined,
          },
          "setupContext": {
            "attrs": {},
            "emit": [Function],
            "expose": [Function],
            "slots": {},
          },
          "setupState": {},
          "slots": {},
          "slotsProxy": {},
          "sp": null,
          "subTree": {
            "__v_isVNode": true,
            "__v_skip": true,
            "anchor": ,
            "appContext": null,
            "children": [
              {
                "__v_isVNode": true,
                "__v_skip": true,
                "anchor": null,
                "appContext": null,
                "children": [
                  {
                    "__v_isVNode": true,
                    "__v_skip": true,
                    "anchor": null,
                    "appContext": null,
                    "children": [
                      {
                        "__v_isVNode": true,
                        "__v_skip": true,
                        "anchor": null,
                        "appContext": null,
                        "children": " 
				* No api fetching is here.
				* No url \\"manipulation\\" (local, or api) changing either.
			",
                        "component": null,
                        "ctx": [Circular],
                        "dirs": null,
                        "dynamicChildren": null,
                        "dynamicProps": null,
                        "el": <!-- 
				* No api fetching is here.
				* No url "manipulation" (local, or api) changing either.
			-->,
                        "key": null,
                        "patchFlag": 0,
                        "props": null,
                        "ref": null,
                        "scopeId": null,
                        "shapeFlag": 8,
                        "slotScopeIds": null,
                        "ssContent": null,
                        "ssFallback": null,
                        "staticCount": 0,
                        "suspense": null,
                        "target": null,
                        "targetAnchor": null,
                        "transition": null,
                        "type": Symbol(v-cmt),
                      },
                      {
                        "__v_isVNode": true,
                        "__v_skip": true,
                        "anchor": null,
                        "appContext": null,
                        "children": null,
                        "component": {
                          "a": null,
                          "accessCache": {},
                          "appContext": {
                            "app": [Circular],
                            "components": {
                              "FeedMain": {
                                "name": "FeedMain",
                              },
                              "FeedSidebar": {
                                "name": "FeedSidebar",
                              },
                              "transition": {
                                "name": "transition",
                              },
                              "transition-group": {
                                "name": "transition-group",
                              },
                            },
                            "config": {
                              "compilerOptions": {},
                              "errorHandler": undefined,
                              "globalProperties": {
                                "$pinia": {
                                  "_a": [Circular],
                                  "_e": EffectScope {
                                    "_active": true,
                                    "cleanups": [],
                                    "detached": true,
                                    "effects": [],
                                    "parent": undefined,
                                  },
                                  "_p": [
                                    [Function],
                                    [Function],
                                    [Function],
                                  ],
                                  "_s": Map {},
                                  "_testing": true,
                                  "app": [Circular],
                                  "install": [Function],
                                  "state": RefImpl {
                                    "__v_isRef": true,
                                    "__v_isShallow": false,
                                    "_rawValue": {},
                                    "_value": {},
                                    "dep": undefined,
                                  },
                                  "use": [Function],
                                },
                              },
                              "isNativeTag": [Function],
                              "optionMergeStrategies": {},
                              "performance": false,
                              "warnHandler": undefined,
                            },
                            "directives": {},
                            "emitsCache": WeakMap {},
                            "mixins": [
                              {
                                "beforeCreate": [Function],
                              },
                            ],
                            "optionsCache": WeakMap {},
                            "propsCache": WeakMap {},
                            "provides": {
                              Symbol(pinia): {
                                "_a": [Circular],
                                "_e": EffectScope {
                                  "_active": true,
                                  "cleanups": [],
                                  "detached": true,
                                  "effects": [],
                                  "parent": undefined,
                                },
                                "_p": [
                                  [Function],
                                  [Function],
                                  [Function],
                                ],
                                "_s": Map {},
                                "_testing": true,
                                "app": [Circular],
                                "install": [Function],
                                "state": RefImpl {
                                  "__v_isRef": true,
                                  "__v_isShallow": false,
                                  "_rawValue": {},
                                  "_value": {},
                                  "dep": undefined,
                                },
                                "use": [Function],
                              },
                            },
                            "reload": [Function],
                          },
                          "asyncDep": null,
                          "asyncResolved": false,
                          "attrs": {},
                          "attrsProxy": null,
                          "bc": null,
                          "bm": null,
                          "bu": null,
                          "bum": null,
                          "c": null,
                          "components": null,
                          "ctx": {},
                          "da": null,
                          "data": {},
                          "directives": null,
                          "ec": null,
                          "effect": ReactiveEffect {
                            "_depsLength": 1,
                            "_dirtyLevel": 0,
                            "_queryings": 0,
                            "_runnings": 0,
                            "_trackId": 1,
                            "active": true,
                            "allowRecurse": true,
                            "deps": [
                              Map {
                                [Circular] => 1,
                              },
                            ],
                            "fn": [Function],
                            "onTrack": undefined,
                            "onTrigger": undefined,
                            "scheduler": [Function],
                            "trigger": [Function],
                          },
                          "emit": [Function],
                          "emitsOptions": null,
                          "emitted": null,
                          "exposeProxy": null,
                          "exposed": null,
                          "inheritAttrs": undefined,
                          "isDeactivated": false,
                          "isMounted": true,
                          "isUnmounted": false,
                          "m": null,
                          "next": null,
                          "parent": [Circular],
                          "props": {},
                          "propsDefaults": {},
                          "propsOptions": [
                            {},
                            [],
                          ],
                          "provides": {},
                          "proxy": {},
                          "refs": {},
                          "render": [Function],
                          "renderCache": [],
                          "root": [Circular],
                          "rtc": null,
                          "rtg": null,
                          "scope": EffectScope {
                            "_active": true,
                            "cleanups": [],
                            "detached": true,
                            "effects": [
                              ReactiveEffect {
                                "_depsLength": 1,
                                "_dirtyLevel": 0,
                                "_queryings": 0,
                                "_runnings": 0,
                                "_trackId": 1,
                                "active": true,
                                "allowRecurse": true,
                                "deps": [
                                  Map {
                                    [Circular] => 1,
                                  },
                                ],
                                "fn": [Function],
                                "onTrack": undefined,
                                "onTrigger": undefined,
                                "scheduler": [Function],
                                "trigger": [Function],
                              },
                            ],
                            "parent": undefined,
                          },
                          "setupContext": {
                            "attrs": {},
                            "emit": [Function],
                            "expose": [Function],
                            "slots": {},
                          },
                          "setupState": {},
                          "slots": {},
                          "slotsProxy": {},
                          "sp": null,
                          "subTree": {
                            "__v_isVNode": true,
                            "__v_skip": true,
                            "anchor": null,
                            "appContext": null,
                            "children": null,
                            "component": null,
                            "ctx": [Circular],
                            "dirs": null,
                            "dynamicChildren": null,
                            "dynamicProps": null,
                            "el": <feed-main-stub />,
                            "key": null,
                            "patchFlag": 0,
                            "props": {},
                            "ref": null,
                            "scopeId": null,
                            "shapeFlag": 1,
                            "slotScopeIds": null,
                            "ssContent": null,
                            "ssFallback": null,
                            "staticCount": 0,
                            "suspense": null,
                            "target": null,
                            "targetAnchor": null,
                            "transition": null,
                            "type": "feed-main-stub",
                          },
                          "suspense": null,
                          "suspenseId": 0,
                          "type": {
                            "model": undefined,
                            "name": "FeedMain",
                            "props": {},
                            "setup": [Function],
                          },
                          "u": null,
                          "uid": 14,
                          "um": null,
                          "update": [Function],
                          "vnode": [Circular],
                          "withProxy": null,
                        },
                        "ctx": [Circular],
                        "dirs": null,
                        "dynamicChildren": null,
                        "dynamicProps": null,
                        "el": <feed-main-stub />,
                        "key": null,
                        "patchFlag": 0,
                        "props": null,
                        "ref": null,
                        "scopeId": null,
                        "shapeFlag": 4,
                        "slotScopeIds": null,
                        "ssContent": null,
                        "ssFallback": null,
                        "staticCount": 0,
                        "suspense": null,
                        "target": null,
                        "targetAnchor": null,
                        "transition": null,
                        "type": {
                          "model": undefined,
                          "name": "FeedMain",
                          "props": {},
                          "setup": [Function],
                        },
                      },
                    ],
                    "component": null,
                    "ctx": [Circular],
                    "dirs": null,
                    "dynamicChildren": null,
                    "dynamicProps": null,
                    "el": <div
                      class="col-span-6 mx-auto w-full"
                      data-test="everything"
                    >
                      <!-- 
				* No api fetching is here.
				* No url "manipulation" (local, or api) changing either.
			-->
                      <feed-main-stub />
                    </div>,
                    "key": null,
                    "patchFlag": 0,
                    "props": {
                      "class": "col-span-6 mx-auto w-full",
                      "data-test": "everything",
                    },
                    "ref": null,
                    "scopeId": null,
                    "shapeFlag": 17,
                    "slotScopeIds": null,
                    "ssContent": null,
                    "ssFallback": null,
                    "staticCount": 0,
                    "suspense": null,
                    "target": null,
                    "targetAnchor": null,
                    "transition": null,
                    "type": "div",
                  },
                  {
                    "__v_isVNode": true,
                    "__v_skip": true,
                    "anchor": null,
                    "appContext": null,
                    "children": [
                      {
                        "__v_isVNode": true,
                        "__v_skip": true,
                        "anchor": null,
                        "appContext": null,
                        "children": null,
                        "component": {
                          "a": null,
                          "accessCache": {},
                          "appContext": {
                            "app": [Circular],
                            "components": {
                              "FeedMain": {
                                "name": "FeedMain",
                              },
                              "FeedSidebar": {
                                "name": "FeedSidebar",
                              },
                              "transition": {
                                "name": "transition",
                              },
                              "transition-group": {
                                "name": "transition-group",
                              },
                            },
                            "config": {
                              "compilerOptions": {},
                              "errorHandler": undefined,
                              "globalProperties": {
                                "$pinia": {
                                  "_a": [Circular],
                                  "_e": EffectScope {
                                    "_active": true,
                                    "cleanups": [],
                                    "detached": true,
                                    "effects": [],
                                    "parent": undefined,
                                  },
                                  "_p": [
                                    [Function],
                                    [Function],
                                    [Function],
                                  ],
                                  "_s": Map {},
                                  "_testing": true,
                                  "app": [Circular],
                                  "install": [Function],
                                  "state": RefImpl {
                                    "__v_isRef": true,
                                    "__v_isShallow": false,
                                    "_rawValue": {},
                                    "_value": {},
                                    "dep": undefined,
                                  },
                                  "use": [Function],
                                },
                              },
                              "isNativeTag": [Function],
                              "optionMergeStrategies": {},
                              "performance": false,
                              "warnHandler": undefined,
                            },
                            "directives": {},
                            "emitsCache": WeakMap {},
                            "mixins": [
                              {
                                "beforeCreate": [Function],
                              },
                            ],
                            "optionsCache": WeakMap {},
                            "propsCache": WeakMap {},
                            "provides": {
                              Symbol(pinia): {
                                "_a": [Circular],
                                "_e": EffectScope {
                                  "_active": true,
                                  "cleanups": [],
                                  "detached": true,
                                  "effects": [],
                                  "parent": undefined,
                                },
                                "_p": [
                                  [Function],
                                  [Function],
                                  [Function],
                                ],
                                "_s": Map {},
                                "_testing": true,
                                "app": [Circular],
                                "install": [Function],
                                "state": RefImpl {
                                  "__v_isRef": true,
                                  "__v_isShallow": false,
                                  "_rawValue": {},
                                  "_value": {},
                                  "dep": undefined,
                                },
                                "use": [Function],
                              },
                            },
                            "reload": [Function],
                          },
                          "asyncDep": null,
                          "asyncResolved": false,
                          "attrs": {},
                          "attrsProxy": null,
                          "bc": null,
                          "bm": null,
                          "bu": null,
                          "bum": null,
                          "c": null,
                          "components": null,
                          "ctx": {},
                          "da": null,
                          "data": {},
                          "directives": null,
                          "ec": null,
                          "effect": ReactiveEffect {
                            "_depsLength": 1,
                            "_dirtyLevel": 0,
                            "_queryings": 0,
                            "_runnings": 0,
                            "_trackId": 1,
                            "active": true,
                            "allowRecurse": true,
                            "deps": [
                              Map {
                                [Circular] => 1,
                              },
                            ],
                            "fn": [Function],
                            "onTrack": undefined,
                            "onTrigger": undefined,
                            "scheduler": [Function],
                            "trigger": [Function],
                          },
                          "emit": [Function],
                          "emitsOptions": null,
                          "emitted": null,
                          "exposeProxy": null,
                          "exposed": null,
                          "inheritAttrs": undefined,
                          "isDeactivated": false,
                          "isMounted": true,
                          "isUnmounted": false,
                          "m": null,
                          "next": null,
                          "parent": [Circular],
                          "props": {},
                          "propsDefaults": {},
                          "propsOptions": [
                            {},
                            [],
                          ],
                          "provides": {},
                          "proxy": {},
                          "refs": {},
                          "render": [Function],
                          "renderCache": [],
                          "root": [Circular],
                          "rtc": null,
                          "rtg": null,
                          "scope": EffectScope {
                            "_active": true,
                            "cleanups": [],
                            "detached": true,
                            "effects": [
                              ReactiveEffect {
                                "_depsLength": 1,
                                "_dirtyLevel": 0,
                                "_queryings": 0,
                                "_runnings": 0,
                                "_trackId": 1,
                                "active": true,
                                "allowRecurse": true,
                                "deps": [
                                  Map {
                                    [Circular] => 1,
                                  },
                                ],
                                "fn": [Function],
                                "onTrack": undefined,
                                "onTrigger": undefined,
                                "scheduler": [Function],
                                "trigger": [Function],
                              },
                            ],
                            "parent": undefined,
                          },
                          "setupContext": {
                            "attrs": {},
                            "emit": [Function],
                            "expose": [Function],
                            "slots": {},
                          },
                          "setupState": {},
                          "slots": {},
                          "slotsProxy": {},
                          "sp": null,
                          "subTree": {
                            "__v_isVNode": true,
                            "__v_skip": true,
                            "anchor": null,
                            "appContext": null,
                            "children": null,
                            "component": null,
                            "ctx": [Circular],
                            "dirs": null,
                            "dynamicChildren": null,
                            "dynamicProps": null,
                            "el": <feed-sidebar-stub />,
                            "key": null,
                            "patchFlag": 0,
                            "props": {},
                            "ref": null,
                            "scopeId": null,
                            "shapeFlag": 1,
                            "slotScopeIds": null,
                            "ssContent": null,
                            "ssFallback": null,
                            "staticCount": 0,
                            "suspense": null,
                            "target": null,
                            "targetAnchor": null,
                            "transition": null,
                            "type": "feed-sidebar-stub",
                          },
                          "suspense": null,
                          "suspenseId": 0,
                          "type": {
                            "model": undefined,
                            "name": "FeedSidebar",
                            "props": {},
                            "setup": [Function],
                          },
                          "u": null,
                          "uid": 15,
                          "um": null,
                          "update": [Function],
                          "vnode": [Circular],
                          "withProxy": null,
                        },
                        "ctx": [Circular],
                        "dirs": null,
                        "dynamicChildren": null,
                        "dynamicProps": null,
                        "el": <feed-sidebar-stub />,
                        "key": null,
                        "patchFlag": 0,
                        "props": null,
                        "ref": null,
                        "scopeId": null,
                        "shapeFlag": 4,
                        "slotScopeIds": null,
                        "ssContent": null,
                        "ssFallback": null,
                        "staticCount": 0,
                        "suspense": null,
                        "target": null,
                        "targetAnchor": null,
                        "transition": null,
                        "type": {
                          "model": undefined,
                          "name": "FeedSidebar",
                          "props": {},
                          "setup": [Function],
                        },
                      },
                    ],
                    "component": null,
                    "ctx": [Circular],
                    "dirs": null,
                    "dynamicChildren": null,
                    "dynamicProps": null,
                    "el": <div
                      class="col-span-4 mx-auto w-full"
                      id="feed-sidebar"
                    >
                      <feed-sidebar-stub />
                    </div>,
                    "key": null,
                    "patchFlag": 0,
                    "props": {
                      "class": "col-span-4 mx-auto w-full",
                      "id": "feed-sidebar",
                    },
                    "ref": null,
                    "scopeId": null,
                    "shapeFlag": 17,
                    "slotScopeIds": null,
                    "ssContent": null,
                    "ssFallback": null,
                    "staticCount": 0,
                    "suspense": null,
                    "target": null,
                    "targetAnchor": null,
                    "transition": null,
                    "type": "div",
                  },
                ],
                "component": null,
                "ctx": [Circular],
                "dirs": null,
                "dynamicChildren": null,
                "dynamicProps": null,
                "el": <div
                  class="mt-8 max-w-[1100px] w-full mx-auto px-6 grid grid-cols-10 gap-28"
                >
                  <div
                    class="col-span-6 mx-auto w-full"
                    data-test="everything"
                  >
                    <!-- 
				* No api fetching is here.
				* No url "manipulation" (local, or api) changing either.
			-->
                    <feed-main-stub />
                  </div>
                  <div
                    class="col-span-4 mx-auto w-full"
                    id="feed-sidebar"
                  >
                    <feed-sidebar-stub />
                  </div>
                </div>,
                "key": null,
                "patchFlag": 0,
                "props": {
                  "class": "mt-8 max-w-[1100px] w-full mx-auto px-6 grid grid-cols-10 gap-28",
                },
                "ref": null,
                "scopeId": null,
                "shapeFlag": 17,
                "slotScopeIds": null,
                "ssContent": null,
                "ssFallback": null,
                "staticCount": 0,
                "suspense": null,
                "target": null,
                "targetAnchor": null,
                "transition": null,
                "type": "div",
              },
              {
                "__v_isVNode": true,
                "__v_skip": true,
                "anchor": null,
                "appContext": null,
                "children": " fallback ",
                "component": null,
                "ctx": [Circular],
                "dirs": null,
                "dynamicChildren": null,
                "dynamicProps": null,
                "el": <!-- fallback -->,
                "key": null,
                "patchFlag": 0,
                "props": null,
                "ref": null,
                "scopeId": null,
                "shapeFlag": 8,
                "slotScopeIds": null,
                "ssContent": null,
                "ssFallback": null,
                "staticCount": 0,
                "suspense": null,
                "target": null,
                "targetAnchor": null,
                "transition": null,
                "type": Symbol(v-cmt),
              },
            ],
            "component": null,
            "ctx": [Circular],
            "dirs": null,
            "dynamicChildren": [
              {
                "__v_isVNode": true,
                "__v_skip": true,
                "anchor": null,
                "appContext": null,
                "children": null,
                "component": {
                  "a": null,
                  "accessCache": {
                    "@@__IMMUTABLE_ITERABLE__@@": 0,
                    "@@__IMMUTABLE_RECORD__@@": 0,
                    "_isMockFunction": 0,
                    "constructor": 0,
                    "toJSON": 0,
                    Symbol(Symbol.toStringTag): 0,
                  },
                  "appContext": {
                    "app": [Circular],
                    "components": {
                      "FeedMain": {
                        "name": "FeedMain",
                      },
                      "FeedSidebar": {
                        "name": "FeedSidebar",
                      },
                      "transition": {
                        "name": "transition",
                      },
                      "transition-group": {
                        "name": "transition-group",
                      },
                    },
                    "config": {
                      "compilerOptions": {},
                      "errorHandler": undefined,
                      "globalProperties": {
                        "$pinia": {
                          "_a": [Circular],
                          "_e": EffectScope {
                            "_active": true,
                            "cleanups": [],
                            "detached": true,
                            "effects": [],
                            "parent": undefined,
                          },
                          "_p": [
                            [Function],
                            [Function],
                            [Function],
                          ],
                          "_s": Map {},
                          "_testing": true,
                          "app": [Circular],
                          "install": [Function],
                          "state": RefImpl {
                            "__v_isRef": true,
                            "__v_isShallow": false,
                            "_rawValue": {},
                            "_value": {},
                            "dep": undefined,
                          },
                          "use": [Function],
                        },
                      },
                      "isNativeTag": [Function],
                      "optionMergeStrategies": {},
                      "performance": false,
                      "warnHandler": undefined,
                    },
                    "directives": {},
                    "emitsCache": WeakMap {},
                    "mixins": [
                      {
                        "beforeCreate": [Function],
                      },
                    ],
                    "optionsCache": WeakMap {},
                    "propsCache": WeakMap {},
                    "provides": {
                      Symbol(pinia): {
                        "_a": [Circular],
                        "_e": EffectScope {
                          "_active": true,
                          "cleanups": [],
                          "detached": true,
                          "effects": [],
                          "parent": undefined,
                        },
                        "_p": [
                          [Function],
                          [Function],
                          [Function],
                        ],
                        "_s": Map {},
                        "_testing": true,
                        "app": [Circular],
                        "install": [Function],
                        "state": RefImpl {
                          "__v_isRef": true,
                          "__v_isShallow": false,
                          "_rawValue": {},
                          "_value": {},
                          "dep": undefined,
                        },
                        "use": [Function],
                      },
                    },
                    "reload": [Function],
                  },
                  "asyncDep": null,
                  "asyncResolved": false,
                  "attrs": {},
                  "attrsProxy": {},
                  "bc": null,
                  "bm": null,
                  "bu": null,
                  "bum": null,
                  "c": null,
                  "components": null,
                  "ctx": {},
                  "da": null,
                  "data": {},
                  "directives": null,
                  "ec": null,
                  "effect": ReactiveEffect {
                    "_depsLength": 1,
                    "_dirtyLevel": 0,
                    "_queryings": 0,
                    "_runnings": 0,
                    "_trackId": 1,
                    "active": true,
                    "allowRecurse": true,
                    "deps": [
                      Map {
                        [Circular] => 1,
                      },
                    ],
                    "fn": [Function],
                    "onTrack": undefined,
                    "onTrigger": undefined,
                    "scheduler": [Function],
                    "trigger": [Function],
                  },
                  "emit": [Function],
                  "emitsOptions": null,
                  "emitted": null,
                  "exposeProxy": null,
                  "exposed": null,
                  "inheritAttrs": undefined,
                  "isDeactivated": false,
                  "isMounted": true,
                  "isUnmounted": false,
                  "m": null,
                  "next": null,
                  "parent": [Circular],
                  "props": {},
                  "propsDefaults": {},
                  "propsOptions": [
                    {},
                    [],
                  ],
                  "provides": {},
                  "proxy": {},
                  "refs": {},
                  "render": [Function],
                  "renderCache": [],
                  "root": [Circular],
                  "rtc": null,
                  "rtg": null,
                  "scope": EffectScope {
                    "_active": true,
                    "cleanups": [],
                    "detached": true,
                    "effects": [
                      ReactiveEffect {
                        "_depsLength": 1,
                        "_dirtyLevel": 0,
                        "_queryings": 0,
                        "_runnings": 0,
                        "_trackId": 1,
                        "active": true,
                        "allowRecurse": true,
                        "deps": [
                          Map {
                            [Circular] => 1,
                          },
                        ],
                        "fn": [Function],
                        "onTrack": undefined,
                        "onTrigger": undefined,
                        "scheduler": [Function],
                        "trigger": [Function],
                      },
                    ],
                    "parent": undefined,
                  },
                  "setupContext": {
                    "attrs": {},
                    "emit": [Function],
                    "expose": [Function],
                    "slots": {},
                  },
                  "setupState": {},
                  "slots": {},
                  "slotsProxy": {},
                  "sp": null,
                  "subTree": {
                    "__v_isVNode": true,
                    "__v_skip": true,
                    "anchor": null,
                    "appContext": null,
                    "children": null,
                    "component": null,
                    "ctx": [Circular],
                    "dirs": null,
                    "dynamicChildren": null,
                    "dynamicProps": null,
                    "el": <feed-main-stub />,
                    "key": null,
                    "patchFlag": 0,
                    "props": {},
                    "ref": null,
                    "scopeId": null,
                    "shapeFlag": 1,
                    "slotScopeIds": null,
                    "ssContent": null,
                    "ssFallback": null,
                    "staticCount": 0,
                    "suspense": null,
                    "target": null,
                    "targetAnchor": null,
                    "transition": null,
                    "type": "feed-main-stub",
                  },
                  "suspense": null,
                  "suspenseId": 0,
                  "type": {
                    "model": undefined,
                    "name": "FeedMain",
                    "props": {},
                    "setup": [Function],
                  },
                  "u": null,
                  "uid": 14,
                  "um": null,
                  "update": [Function],
                  "vnode": [Circular],
                  "withProxy": null,
                },
                "ctx": [Circular],
                "dirs": null,
                "dynamicChildren": null,
                "dynamicProps": null,
                "el": <feed-main-stub />,
                "key": null,
                "patchFlag": 0,
                "props": null,
                "ref": null,
                "scopeId": null,
                "shapeFlag": 4,
                "slotScopeIds": null,
                "ssContent": null,
                "ssFallback": null,
                "staticCount": 0,
                "suspense": null,
                "target": null,
                "targetAnchor": null,
                "transition": null,
                "type": {
                  "model": undefined,
                  "name": "FeedMain",
                  "props": {},
                  "setup": [Function],
                },
              },
              {
                "__v_isVNode": true,
                "__v_skip": true,
                "anchor": null,
                "appContext": null,
                "children": null,
                "component": {
                  "a": null,
                  "accessCache": {
                    "@@__IMMUTABLE_ITERABLE__@@": 0,
                    "@@__IMMUTABLE_RECORD__@@": 0,
                    "_isMockFunction": 0,
                    "constructor": 0,
                    "toJSON": 0,
                    Symbol(Symbol.toStringTag): 0,
                  },
                  "appContext": {
                    "app": [Circular],
                    "components": {
                      "FeedMain": {
                        "name": "FeedMain",
                      },
                      "FeedSidebar": {
                        "name": "FeedSidebar",
                      },
                      "transition": {
                        "name": "transition",
                      },
                      "transition-group": {
                        "name": "transition-group",
                      },
                    },
                    "config": {
                      "compilerOptions": {},
                      "errorHandler": undefined,
                      "globalProperties": {
                        "$pinia": {
                          "_a": [Circular],
                          "_e": EffectScope {
                            "_active": true,
                            "cleanups": [],
                            "detached": true,
                            "effects": [],
                            "parent": undefined,
                          },
                          "_p": [
                            [Function],
                            [Function],
                            [Function],
                          ],
                          "_s": Map {},
                          "_testing": true,
                          "app": [Circular],
                          "install": [Function],
                          "state": RefImpl {
                            "__v_isRef": true,
                            "__v_isShallow": false,
                            "_rawValue": {},
                            "_value": {},
                            "dep": undefined,
                          },
                          "use": [Function],
                        },
                      },
                      "isNativeTag": [Function],
                      "optionMergeStrategies": {},
                      "performance": false,
                      "warnHandler": undefined,
                    },
                    "directives": {},
                    "emitsCache": WeakMap {},
                    "mixins": [
                      {
                        "beforeCreate": [Function],
                      },
                    ],
                    "optionsCache": WeakMap {},
                    "propsCache": WeakMap {},
                    "provides": {
                      Symbol(pinia): {
                        "_a": [Circular],
                        "_e": EffectScope {
                          "_active": true,
                          "cleanups": [],
                          "detached": true,
                          "effects": [],
                          "parent": undefined,
                        },
                        "_p": [
                          [Function],
                          [Function],
                          [Function],
                        ],
                        "_s": Map {},
                        "_testing": true,
                        "app": [Circular],
                        "install": [Function],
                        "state": RefImpl {
                          "__v_isRef": true,
                          "__v_isShallow": false,
                          "_rawValue": {},
                          "_value": {},
                          "dep": undefined,
                        },
                        "use": [Function],
                      },
                    },
                    "reload": [Function],
                  },
                  "asyncDep": null,
                  "asyncResolved": false,
                  "attrs": {},
                  "attrsProxy": {},
                  "bc": null,
                  "bm": null,
                  "bu": null,
                  "bum": null,
                  "c": null,
                  "components": null,
                  "ctx": {},
                  "da": null,
                  "data": {},
                  "directives": null,
                  "ec": null,
                  "effect": ReactiveEffect {
                    "_depsLength": 1,
                    "_dirtyLevel": 0,
                    "_queryings": 0,
                    "_runnings": 0,
                    "_trackId": 1,
                    "active": true,
                    "allowRecurse": true,
                    "deps": [
                      Map {
                        [Circular] => 1,
                      },
                    ],
                    "fn": [Function],
                    "onTrack": undefined,
                    "onTrigger": undefined,
                    "scheduler": [Function],
                    "trigger": [Function],
                  },
                  "emit": [Function],
                  "emitsOptions": null,
                  "emitted": null,
                  "exposeProxy": null,
                  "exposed": null,
                  "inheritAttrs": undefined,
                  "isDeactivated": false,
                  "isMounted": true,
                  "isUnmounted": false,
                  "m": null,
                  "next": null,
                  "parent": [Circular],
                  "props": {},
                  "propsDefaults": {},
                  "propsOptions": [
                    {},
                    [],
                  ],
                  "provides": {},
                  "proxy": {},
                  "refs": {},
                  "render": [Function],
                  "renderCache": [],
                  "root": [Circular],
                  "rtc": null,
                  "rtg": null,
                  "scope": EffectScope {
                    "_active": true,
                    "cleanups": [],
                    "detached": true,
                    "effects": [
                      ReactiveEffect {
                        "_depsLength": 1,
                        "_dirtyLevel": 0,
                        "_queryings": 0,
                        "_runnings": 0,
                        "_trackId": 1,
                        "active": true,
                        "allowRecurse": true,
                        "deps": [
                          Map {
                            [Circular] => 1,
                          },
                        ],
                        "fn": [Function],
                        "onTrack": undefined,
                        "onTrigger": undefined,
                        "scheduler": [Function],
                        "trigger": [Function],
                      },
                    ],
                    "parent": undefined,
                  },
                  "setupContext": {
                    "attrs": {},
                    "emit": [Function],
                    "expose": [Function],
                    "slots": {},
                  },
                  "setupState": {},
                  "slots": {},
                  "slotsProxy": {},
                  "sp": null,
                  "subTree": {
                    "__v_isVNode": true,
                    "__v_skip": true,
                    "anchor": null,
                    "appContext": null,
                    "children": null,
                    "component": null,
                    "ctx": [Circular],
                    "dirs": null,
                    "dynamicChildren": null,
                    "dynamicProps": null,
                    "el": <feed-sidebar-stub />,
                    "key": null,
                    "patchFlag": 0,
                    "props": {},
                    "ref": null,
                    "scopeId": null,
                    "shapeFlag": 1,
                    "slotScopeIds": null,
                    "ssContent": null,
                    "ssFallback": null,
                    "staticCount": 0,
                    "suspense": null,
                    "target": null,
                    "targetAnchor": null,
                    "transition": null,
                    "type": "feed-sidebar-stub",
                  },
                  "suspense": null,
                  "suspenseId": 0,
                  "type": {
                    "model": undefined,
                    "name": "FeedSidebar",
                    "props": {},
                    "setup": [Function],
                  },
                  "u": null,
                  "uid": 15,
                  "um": null,
                  "update": [Function],
                  "vnode": [Circular],
                  "withProxy": null,
                },
                "ctx": [Circular],
                "dirs": null,
                "dynamicChildren": null,
                "dynamicProps": null,
                "el": <feed-sidebar-stub />,
                "key": null,
                "patchFlag": 0,
                "props": null,
                "ref": null,
                "scopeId": null,
                "shapeFlag": 4,
                "slotScopeIds": null,
                "ssContent": null,
                "ssFallback": null,
                "staticCount": 0,
                "suspense": null,
                "target": null,
                "targetAnchor": null,
                "transition": null,
                "type": {
                  "model": undefined,
                  "name": "FeedSidebar",
                  "props": {},
                  "setup": [Function],
                },
              },
            ],
            "dynamicProps": null,
            "el": ,
            "key": null,
            "patchFlag": 2112,
            "props": null,
            "ref": null,
            "scopeId": null,
            "shapeFlag": 16,
            "slotScopeIds": null,
            "ssContent": null,
            "ssFallback": null,
            "staticCount": 0,
            "suspense": null,
            "target": null,
            "targetAnchor": null,
            "transition": null,
            "type": Symbol(v-fgt),
          },
          "suspense": null,
          "suspenseId": 0,
          "type": {
            "__file": "C:/Users/metle/Desktop/Blogg/frontend/pages/index.vue",
            "__name": "index",
            "components": {},
            "render": [Function],
            "setup": [Function],
          },
          "u": null,
          "uid": 13,
          "um": null,
          "update": [Function],
          "vnode": [Circular],
          "withProxy": null,
        },
        "ctx": [Circular],
        "dirs": null,
        "dynamicChildren": null,
        "dynamicProps": null,
        "el": ,
        "key": null,
        "patchFlag": 0,
        "props": {
          "ref": "VTU_COMPONENT",
        },
        "ref": {
          "f": false,
          "i": [Circular],
          "k": undefined,
          "r": "VTU_COMPONENT",
        },
        "scopeId": null,
        "shapeFlag": 36,
        "slotScopeIds": null,
        "ssContent": null,
        "ssFallback": null,
        "staticCount": 0,
        "suspense": null,
        "target": null,
        "targetAnchor": null,
        "transition": null,
        "type": {
          "__file": "C:/Users/metle/Desktop/Blogg/frontend/pages/index.vue",
          "__name": "index",
          "components": {},
          "render": [Function],
          "setup": [Function],
        },
      },
      "suspense": null,
      "suspenseId": 0,
      "type": {
        "name": "VTU_ROOT",
        "render": [Function],
        "setup": [Function],
      },
      "u": null,
      "uid": 12,
      "um": null,
      "update": [Function],
      "vnode": {
        "__v_isVNode": true,
        "__v_skip": true,
        "anchor": null,
        "appContext": {
          "app": [Circular],
          "components": {
            "FeedMain": {
              "name": "FeedMain",
            },
            "FeedSidebar": {
              "name": "FeedSidebar",
            },
            "transition": {
              "name": "transition",
            },
            "transition-group": {
              "name": "transition-group",
            },
          },
          "config": {
            "compilerOptions": {},
            "errorHandler": undefined,
            "globalProperties": {
              "$pinia": {
                "_a": [Circular],
                "_e": EffectScope {
                  "_active": true,
                  "cleanups": [],
                  "detached": true,
                  "effects": [],
                  "parent": undefined,
                },
                "_p": [
                  [Function],
                  [Function],
                  [Function],
                ],
                "_s": Map {},
                "_testing": true,
                "app": [Circular],
                "install": [Function],
                "state": RefImpl {
                  "__v_isRef": true,
                  "__v_isShallow": false,
                  "_rawValue": {},
                  "_value": {},
                  "dep": undefined,
                },
                "use": [Function],
              },
            },
            "isNativeTag": [Function],
            "optionMergeStrategies": {},
            "performance": false,
            "warnHandler": undefined,
          },
          "directives": {},
          "emitsCache": WeakMap {},
          "mixins": [
            {
              "beforeCreate": [Function],
            },
          ],
          "optionsCache": WeakMap {},
          "propsCache": WeakMap {},
          "provides": {
            Symbol(pinia): {
              "_a": [Circular],
              "_e": EffectScope {
                "_active": true,
                "cleanups": [],
                "detached": true,
                "effects": [],
                "parent": undefined,
              },
              "_p": [
                [Function],
                [Function],
                [Function],
              ],
              "_s": Map {},
              "_testing": true,
              "app": [Circular],
              "install": [Function],
              "state": RefImpl {
                "__v_isRef": true,
                "__v_isShallow": false,
                "_rawValue": {},
                "_value": {},
                "dep": undefined,
              },
              "use": [Function],
            },
          },
          "reload": [Function],
        },
        "children": null,
        "component": [Circular],
        "ctx": null,
        "dirs": null,
        "dynamicChildren": null,
        "dynamicProps": null,
        "el": ,
        "key": null,
        "patchFlag": 0,
        "props": null,
        "ref": null,
        "scopeId": null,
        "shapeFlag": 4,
        "slotScopeIds": null,
        "ssContent": null,
        "ssFallback": null,
        "staticCount": 0,
        "suspense": null,
        "target": null,
        "targetAnchor": null,
        "transition": null,
        "type": {
          "name": "VTU_ROOT",
          "render": [Function],
          "setup": [Function],
        },
      },
      "withProxy": null,
    },
    "_props": null,
    "_uid": 3,
    "component": [Function],
    "config": {
      "compilerOptions": {},
      "errorHandler": undefined,
      "globalProperties": {
        "$pinia": {
          "_a": [Circular],
          "_e": EffectScope {
            "_active": true,
            "cleanups": [],
            "detached": true,
            "effects": [],
            "parent": undefined,
          },
          "_p": [
            [Function],
            [Function],
            [Function],
          ],
          "_s": Map {},
          "_testing": true,
          "app": [Circular],
          "install": [Function],
          "state": RefImpl {
            "__v_isRef": true,
            "__v_isShallow": false,
            "_rawValue": {},
            "_value": {},
            "dep": undefined,
          },
          "use": [Function],
        },
      },
      "isNativeTag": [Function],
      "optionMergeStrategies": {},
      "performance": false,
      "warnHandler": undefined,
    },
    "directive": [Function],
    "mixin": [Function],
    "mount": [Function],
    "provide": [Function],
    "runWithContext": [Function],
    "unmount": [Function],
    "use": [Function],
    "version": "3.4.3",
  },
  "__setProps": [Function],
  "cleanUpCallbacks": [
    [Function],
    [Function],
    [Function],
    [Function],
    [Function],
    [Function],
    [Function],
    [Function],
    [Function],
    [Function],
    [Function],
    [Function],
    [Function],
    [Function],
    [Function],
    [Function],
    [Function],
    [Function],
    [Function],
    [Function],
    [Function],
    [Function],
    [Function],
    [Function],
    [Function],
    [Function],
    [Function],
    [Function],
    [Function],
    [Function],
    [Function],
    [Function],
    [Function],
    [Function],
    [Function],
    [Function],
    [Function],
    [Function],
    [Function],
    [Function],
    [Function],
    [Function],
    [Function],
    [Function],
    [Function],
    [Function],
    [Function],
    [Function],
    [Function],
    [Function],
    [Function],
    [Function],
    [Function],
    [Function],
    [Function],
    [Function],
    [Function],
    [Function],
    [Function],
    [Function],
    [Function],
    [Function],
    [Function],
    [Function],
    [Function],
    [Function],
    [Function],
    [Function],
    [Function],
    [Function],
    [Function],
    [Function],
    [Function],
    [Function],
    [Function],
    [Function],
    [Function],
    [Function],
    [Function],
    [Function],
    [Function],
    [Function],
    [Function],
    [Function],
    [Function],
    [Function],
    [Function],
    [Function],
    [Function],
    [Function],
    [Function],
    [Function],
    [Function],
    [Function],
    [Function],
    [Function],
    [Function],
    [Function],
    [Function],
    [Function],
    [Function],
    [Function],
    [Function],
    [Function],
    [Function],
    [Function],
    [Function],
    [Function],
    [Function],
    [Function],
    [Function],
    [Function],
    [Function],
    [Function],
    [Function],
    [Function],
    [Function],
    [Function],
    [Function],
    [Function],
    [Function],
    [Function],
    [Function],
    [Function],
    [Function],
    [Function],
    [Function],
    [Function],
    [Function],
    [Function],
    [Function],
    [Function],
    [Function],
    [Function],
    [Function],
    [Function],
    [Function],
    [Function],
    [Function],
    [Function],
    [Function],
    [Function],
    [Function],
    [Function],
    [Function],
    [Function],
    [Function],
    [Function],
    [Function],
    [Function],
    [Function],
    [Function],
    [Function],
    [Function],
    [Function],
    [Function],
    [Function],
    [Function],
    [Function],
    [Function],
    [Function],
    [Function],
    [Function],
    [Function],
    [Function],
    [Function],
    [Function],
    [Function],
    [Function],
    [Function],
    [Function],
    [Function],
  ],
  "componentVM": {},
  "isDisabled": [Function],
  "rootVM": {
    "VTU_COMPONENT": {},
  },
  "wrapperElement": ,
}
`;
