// Vitest Snapshot v1, https://vitest.dev/guide/snapshot.html

exports[`Testing the index page > Should match snapshot 1`] = `
"<div class=\\"mt-8 max-w-[1100px] w-full mx-auto px-6 grid grid-cols-10 gap-28\\">
  <div data-test=\\"everything\\" class=\\"col-span-6 mx-auto w-full\\">
    <!-- 
				* No api fetching is here.
				* No url \\"manipulation\\" (local, or api) changing either.
			-->
    <feed-main-stub></feed-main-stub>
  </div>
  <div id=\\"feed-sidebar\\" class=\\"col-span-4 mx-auto w-full\\">
    <feed-sidebar-stub></feed-sidebar-stub>
  </div>
</div>"
`;
