// Vitest Snapshot v1, https://vitest.dev/guide/snapshot.html

exports[`login page testing > Should match snapshot 1`] = `
"<div class=\\"flex flex-col items-center justify-center px-6 py-8 mx-auto lg:py-0 mt-24\\">
  <div class=\\"w-full bg-surfaceContainerLowest border-surfaceContainerLowest border rounded-lg shadow md:mt-0 sm:max-w-md xl:p-0\\">
    <div class=\\"p-6 space-y-4 md:space-y-6 sm:p-8\\">
      <div id=\\"login_form\\">
        <login-card-stub redirect=\\"true\\"></login-card-stub>
      </div>
    </div>
  </div>
</div>"
`;
