// Vitest Snapshot v1, https://vitest.dev/guide/snapshot.html

exports[`Should match snapshot 1`] = `
VueWrapper {
  "__app": {
    "_component": {
      "name": "VTU_ROOT",
      "render": [Function],
      "setup": [Function],
    },
    "_container": <div
      data-v-app=""
    >
      <div
        placeholder="testholder"
      >
        <button
          class="p-1 bg-primary text-onPrimary"
          data-test="submit_comment_button"
        >
          Submit
        </button>
        <div
          data-test="input_comment_text"
        >
          <base-textarea-input-stub />
        </div>
      </div>
    </div>,
    "_context": {
      "app": [Circular],
      "components": {
        "BaseButton": {
          "__file": "C:/Users/metle/Desktop/Blogg/frontend/components/base/BaseButton.vue",
          "__name": "BaseButton",
          "props": {
            "text": {
              "required": true,
              "type": [Function],
            },
          },
          "render": [Function],
          "setup": [Function],
        },
        "BaseTextareaInput": {
          "name": "BaseTextareaInput",
        },
        "transition": {
          "name": "transition",
        },
        "transition-group": {
          "name": "transition-group",
        },
      },
      "config": {
        "compilerOptions": {},
        "errorHandler": undefined,
        "globalProperties": {
          "$pinia": {
            "_a": [Circular],
            "_e": EffectScope {
              "_active": true,
              "cleanups": [],
              "detached": true,
              "effects": [],
              "parent": undefined,
            },
            "_p": [
              [Function],
              [Function],
              [Function],
            ],
            "_s": Map {},
            "_testing": true,
            "app": [Circular],
            "install": [Function],
            "state": RefImpl {
              "__v_isRef": true,
              "__v_isShallow": false,
              "_rawValue": {},
              "_value": {},
              "dep": undefined,
            },
            "use": [Function],
          },
        },
        "isNativeTag": [Function],
        "optionMergeStrategies": {},
        "performance": false,
        "warnHandler": undefined,
      },
      "directives": {},
      "emitsCache": WeakMap {},
      "mixins": [
        {
          "beforeCreate": [Function],
        },
      ],
      "optionsCache": WeakMap {},
      "propsCache": WeakMap {},
      "provides": {
        Symbol(pinia): {
          "_a": [Circular],
          "_e": EffectScope {
            "_active": true,
            "cleanups": [],
            "detached": true,
            "effects": [],
            "parent": undefined,
          },
          "_p": [
            [Function],
            [Function],
            [Function],
          ],
          "_s": Map {},
          "_testing": true,
          "app": [Circular],
          "install": [Function],
          "state": RefImpl {
            "__v_isRef": true,
            "__v_isShallow": false,
            "_rawValue": {},
            "_value": {},
            "dep": undefined,
          },
          "use": [Function],
        },
      },
      "reload": [Function],
    },
    "_instance": {
      "a": null,
      "accessCache": {},
      "appContext": {
        "app": [Circular],
        "components": {
          "BaseButton": {
            "__file": "C:/Users/metle/Desktop/Blogg/frontend/components/base/BaseButton.vue",
            "__name": "BaseButton",
            "props": {
              "text": {
                "required": true,
                "type": [Function],
              },
            },
            "render": [Function],
            "setup": [Function],
          },
          "BaseTextareaInput": {
            "name": "BaseTextareaInput",
          },
          "transition": {
            "name": "transition",
          },
          "transition-group": {
            "name": "transition-group",
          },
        },
        "config": {
          "compilerOptions": {},
          "errorHandler": undefined,
          "globalProperties": {
            "$pinia": {
              "_a": [Circular],
              "_e": EffectScope {
                "_active": true,
                "cleanups": [],
                "detached": true,
                "effects": [],
                "parent": undefined,
              },
              "_p": [
                [Function],
                [Function],
                [Function],
              ],
              "_s": Map {},
              "_testing": true,
              "app": [Circular],
              "install": [Function],
              "state": RefImpl {
                "__v_isRef": true,
                "__v_isShallow": false,
                "_rawValue": {},
                "_value": {},
                "dep": undefined,
              },
              "use": [Function],
            },
          },
          "isNativeTag": [Function],
          "optionMergeStrategies": {},
          "performance": false,
          "warnHandler": undefined,
        },
        "directives": {},
        "emitsCache": WeakMap {},
        "mixins": [
          {
            "beforeCreate": [Function],
          },
        ],
        "optionsCache": WeakMap {},
        "propsCache": WeakMap {},
        "provides": {
          Symbol(pinia): {
            "_a": [Circular],
            "_e": EffectScope {
              "_active": true,
              "cleanups": [],
              "detached": true,
              "effects": [],
              "parent": undefined,
            },
            "_p": [
              [Function],
              [Function],
              [Function],
            ],
            "_s": Map {},
            "_testing": true,
            "app": [Circular],
            "install": [Function],
            "state": RefImpl {
              "__v_isRef": true,
              "__v_isShallow": false,
              "_rawValue": {},
              "_value": {},
              "dep": undefined,
            },
            "use": [Function],
          },
        },
        "reload": [Function],
      },
      "asyncDep": null,
      "asyncResolved": false,
      "attrs": {},
      "attrsProxy": null,
      "bc": null,
      "bm": null,
      "bu": null,
      "bum": null,
      "c": null,
      "components": null,
      "ctx": {
        "VTU_COMPONENT": {},
      },
      "da": null,
      "data": {},
      "devtoolsRawSetupState": {
        "VTU_COMPONENT": RefImpl {
          "__v_isRef": true,
          "__v_isShallow": false,
          "_rawValue": {},
          "_value": {},
          "dep": undefined,
        },
      },
      "directives": null,
      "ec": null,
      "effect": ReactiveEffect {
        "active": true,
        "allowRecurse": true,
        "deps": [
          Set {
            [Circular],
          },
          Set {
            [Circular],
          },
          Set {
            [Circular],
          },
          Set {
            [Circular],
          },
        ],
        "fn": [Function],
        "onTrack": undefined,
        "onTrigger": undefined,
        "parent": undefined,
        "scheduler": [Function],
      },
      "emit": [Function],
      "emitsOptions": null,
      "emitted": null,
      "exposeProxy": null,
      "exposed": null,
      "inheritAttrs": undefined,
      "isDeactivated": false,
      "isMounted": true,
      "isUnmounted": false,
      "m": null,
      "next": null,
      "parent": null,
      "props": {},
      "propsDefaults": {},
      "propsOptions": [
        {},
        [],
      ],
      "provides": {},
      "proxy": {
        "VTU_COMPONENT": {},
      },
      "refs": {
        "VTU_COMPONENT": {},
      },
      "render": [Function],
      "renderCache": [],
      "root": [Circular],
      "rtc": null,
      "rtg": null,
      "scope": EffectScope {
        "_active": true,
        "cleanups": [],
        "detached": true,
        "effects": [
          ReactiveEffect {
            "active": true,
            "allowRecurse": true,
            "deps": [
              Set {
                [Circular],
              },
              Set {
                [Circular],
              },
              Set {
                [Circular],
              },
              Set {
                [Circular],
              },
            ],
            "fn": [Function],
            "onTrack": undefined,
            "onTrigger": undefined,
            "parent": undefined,
            "scheduler": [Function],
          },
        ],
        "parent": undefined,
      },
      "setupContext": null,
      "setupState": {
        "VTU_COMPONENT": {},
      },
      "slots": {},
      "slotsProxy": null,
      "sp": null,
      "subTree": {
        "__v_isVNode": true,
        "__v_skip": true,
        "anchor": null,
        "appContext": null,
        "children": {
          "_ctx": [Circular],
        },
        "component": {
          "a": null,
          "accessCache": {},
          "appContext": {
            "app": [Circular],
            "components": {
              "BaseButton": {
                "__file": "C:/Users/metle/Desktop/Blogg/frontend/components/base/BaseButton.vue",
                "__name": "BaseButton",
                "props": {
                  "text": {
                    "required": true,
                    "type": [Function],
                  },
                },
                "render": [Function],
                "setup": [Function],
              },
              "BaseTextareaInput": {
                "name": "BaseTextareaInput",
              },
              "transition": {
                "name": "transition",
              },
              "transition-group": {
                "name": "transition-group",
              },
            },
            "config": {
              "compilerOptions": {},
              "errorHandler": undefined,
              "globalProperties": {
                "$pinia": {
                  "_a": [Circular],
                  "_e": EffectScope {
                    "_active": true,
                    "cleanups": [],
                    "detached": true,
                    "effects": [],
                    "parent": undefined,
                  },
                  "_p": [
                    [Function],
                    [Function],
                    [Function],
                  ],
                  "_s": Map {},
                  "_testing": true,
                  "app": [Circular],
                  "install": [Function],
                  "state": RefImpl {
                    "__v_isRef": true,
                    "__v_isShallow": false,
                    "_rawValue": {},
                    "_value": {},
                    "dep": undefined,
                  },
                  "use": [Function],
                },
              },
              "isNativeTag": [Function],
              "optionMergeStrategies": {},
              "performance": false,
              "warnHandler": undefined,
            },
            "directives": {},
            "emitsCache": WeakMap {},
            "mixins": [
              {
                "beforeCreate": [Function],
              },
            ],
            "optionsCache": WeakMap {},
            "propsCache": WeakMap {},
            "provides": {
              Symbol(pinia): {
                "_a": [Circular],
                "_e": EffectScope {
                  "_active": true,
                  "cleanups": [],
                  "detached": true,
                  "effects": [],
                  "parent": undefined,
                },
                "_p": [
                  [Function],
                  [Function],
                  [Function],
                ],
                "_s": Map {},
                "_testing": true,
                "app": [Circular],
                "install": [Function],
                "state": RefImpl {
                  "__v_isRef": true,
                  "__v_isShallow": false,
                  "_rawValue": {},
                  "_value": {},
                  "dep": undefined,
                },
                "use": [Function],
              },
            },
            "reload": [Function],
          },
          "asyncDep": null,
          "asyncResolved": false,
          "attrs": {
            "placeholder": "testholder",
          },
          "attrsProxy": null,
          "bc": null,
          "bm": null,
          "bu": null,
          "bum": null,
          "c": null,
          "components": {
            "BaseButton": {
              "__file": "C:/Users/metle/Desktop/Blogg/frontend/components/base/BaseButton.vue",
              "__name": "BaseButton",
              "props": {
                "text": {
                  "required": true,
                  "type": [Function],
                },
              },
              "render": [Function],
              "setup": [Function],
            },
            "BaseTextareaInput": {
              "__file": "C:/Users/metle/Desktop/Blogg/frontend/components/base/BaseTextareaInput.vue",
              "__name": "BaseTextareaInput",
              "__scopeId": "data-v-d321fa32",
              "emits": [
                "emitInput",
              ],
              "props": {
                "placeholder": {
                  "required": false,
                  "type": [Function],
                },
              },
              "render": [Function],
              "setup": [Function],
            },
          },
          "ctx": {},
          "da": null,
          "data": {},
          "devtoolsRawSetupState": {
            "emit": [Function],
            "input": [Function],
            "textInput": RefImpl {
              "__v_isRef": true,
              "__v_isShallow": false,
              "_rawValue": "",
              "_value": "",
              "dep": undefined,
            },
            "tryAddComment": [Function],
          },
          "directives": null,
          "ec": null,
          "effect": ReactiveEffect {
            "active": true,
            "allowRecurse": true,
            "deps": [],
            "fn": [Function],
            "onTrack": undefined,
            "onTrigger": undefined,
            "parent": undefined,
            "scheduler": [Function],
          },
          "emit": [Function],
          "emitsOptions": {
            "emitComment": null,
          },
          "emitted": null,
          "exposeProxy": {},
          "exposed": {},
          "inheritAttrs": undefined,
          "isDeactivated": false,
          "isMounted": true,
          "isUnmounted": false,
          "m": null,
          "next": null,
          "parent": [Circular],
          "props": {},
          "propsDefaults": {},
          "propsOptions": [
            {},
            [],
          ],
          "provides": {},
          "proxy": {},
          "refs": {},
          "render": [Function],
          "renderCache": [],
          "root": [Circular],
          "rtc": null,
          "rtg": null,
          "scope": EffectScope {
            "_active": true,
            "cleanups": [],
            "detached": true,
            "effects": [
              ReactiveEffect {
                "active": true,
                "allowRecurse": true,
                "deps": [],
                "fn": [Function],
                "onTrack": undefined,
                "onTrigger": undefined,
                "parent": undefined,
                "scheduler": [Function],
              },
            ],
            "parent": undefined,
          },
          "setupContext": {
            "attrs": {
              "placeholder": "testholder",
            },
            "emit": [Function],
            "expose": [Function],
            "slots": {},
          },
          "setupState": {
            "emit": [Function],
            "input": [Function],
            "textInput": "",
            "tryAddComment": [Function],
          },
          "slots": {},
          "slotsProxy": {},
          "sp": null,
          "subTree": {
            "__v_isVNode": true,
            "__v_skip": true,
            "anchor": null,
            "appContext": null,
            "ce": undefined,
            "children": [
              {
                "__v_isVNode": true,
                "__v_skip": true,
                "anchor": null,
                "appContext": null,
                "children": null,
                "component": {
                  "a": null,
                  "accessCache": {},
                  "appContext": {
                    "app": [Circular],
                    "components": {
                      "BaseButton": {
                        "__file": "C:/Users/metle/Desktop/Blogg/frontend/components/base/BaseButton.vue",
                        "__name": "BaseButton",
                        "props": {
                          "text": {
                            "required": true,
                            "type": [Function],
                          },
                        },
                        "render": [Function],
                        "setup": [Function],
                      },
                      "BaseTextareaInput": {
                        "name": "BaseTextareaInput",
                      },
                      "transition": {
                        "name": "transition",
                      },
                      "transition-group": {
                        "name": "transition-group",
                      },
                    },
                    "config": {
                      "compilerOptions": {},
                      "errorHandler": undefined,
                      "globalProperties": {
                        "$pinia": {
                          "_a": [Circular],
                          "_e": EffectScope {
                            "_active": true,
                            "cleanups": [],
                            "detached": true,
                            "effects": [],
                            "parent": undefined,
                          },
                          "_p": [
                            [Function],
                            [Function],
                            [Function],
                          ],
                          "_s": Map {},
                          "_testing": true,
                          "app": [Circular],
                          "install": [Function],
                          "state": RefImpl {
                            "__v_isRef": true,
                            "__v_isShallow": false,
                            "_rawValue": {},
                            "_value": {},
                            "dep": undefined,
                          },
                          "use": [Function],
                        },
                      },
                      "isNativeTag": [Function],
                      "optionMergeStrategies": {},
                      "performance": false,
                      "warnHandler": undefined,
                    },
                    "directives": {},
                    "emitsCache": WeakMap {},
                    "mixins": [
                      {
                        "beforeCreate": [Function],
                      },
                    ],
                    "optionsCache": WeakMap {},
                    "propsCache": WeakMap {},
                    "provides": {
                      Symbol(pinia): {
                        "_a": [Circular],
                        "_e": EffectScope {
                          "_active": true,
                          "cleanups": [],
                          "detached": true,
                          "effects": [],
                          "parent": undefined,
                        },
                        "_p": [
                          [Function],
                          [Function],
                          [Function],
                        ],
                        "_s": Map {},
                        "_testing": true,
                        "app": [Circular],
                        "install": [Function],
                        "state": RefImpl {
                          "__v_isRef": true,
                          "__v_isShallow": false,
                          "_rawValue": {},
                          "_value": {},
                          "dep": undefined,
                        },
                        "use": [Function],
                      },
                    },
                    "reload": [Function],
                  },
                  "asyncDep": null,
                  "asyncResolved": false,
                  "attrs": {
                    "class": "p-1 bg-primary text-onPrimary",
                    "data-test": "submit_comment_button",
                    "onClick": [Function],
                  },
                  "attrsProxy": null,
                  "bc": null,
                  "bm": null,
                  "bu": null,
                  "bum": null,
                  "c": null,
                  "components": null,
                  "ctx": {
                    "text": "Submit",
                  },
                  "da": null,
                  "data": {},
                  "devtoolsRawSetupState": {},
                  "directives": null,
                  "ec": null,
                  "effect": ReactiveEffect {
                    "active": true,
                    "allowRecurse": true,
                    "deps": [
                      Set {
                        [Circular],
                      },
                      Set {
                        [Circular],
                      },
                    ],
                    "fn": [Function],
                    "onTrack": undefined,
                    "onTrigger": undefined,
                    "parent": undefined,
                    "scheduler": [Function],
                  },
                  "emit": [Function],
                  "emitsOptions": null,
                  "emitted": null,
                  "exposeProxy": null,
                  "exposed": {},
                  "inheritAttrs": undefined,
                  "isDeactivated": false,
                  "isMounted": true,
                  "isUnmounted": false,
                  "m": null,
                  "next": null,
                  "parent": [Circular],
                  "props": {
                    "text": "Submit",
                  },
                  "propsDefaults": {},
                  "propsOptions": [
                    {
                      "text": {
                        "0": false,
                        "1": true,
                        "required": true,
                        "type": [Function],
                      },
                    },
                    [],
                  ],
                  "provides": {},
                  "proxy": {
                    "text": "Submit",
                  },
                  "refs": {},
                  "render": [Function],
                  "renderCache": [],
                  "root": [Circular],
                  "rtc": null,
                  "rtg": null,
                  "scope": EffectScope {
                    "_active": true,
                    "cleanups": [],
                    "detached": true,
                    "effects": [
                      ReactiveEffect {
                        "active": true,
                        "allowRecurse": true,
                        "deps": [
                          Set {
                            [Circular],
                          },
                          Set {
                            [Circular],
                          },
                        ],
                        "fn": [Function],
                        "onTrack": undefined,
                        "onTrigger": undefined,
                        "parent": undefined,
                        "scheduler": [Function],
                      },
                    ],
                    "parent": undefined,
                  },
                  "setupContext": {
                    "attrs": {
                      "class": "p-1 bg-primary text-onPrimary",
                      "data-test": "submit_comment_button",
                      "onClick": [Function],
                    },
                    "emit": [Function],
                    "expose": [Function],
                    "slots": {},
                  },
                  "setupState": {},
                  "slots": {},
                  "slotsProxy": {},
                  "sp": null,
                  "subTree": {
                    "__v_isVNode": true,
                    "__v_skip": true,
                    "anchor": null,
                    "appContext": null,
                    "ce": undefined,
                    "children": "Submit",
                    "component": null,
                    "ctx": [Circular],
                    "dirs": null,
                    "dynamicChildren": [],
                    "dynamicProps": null,
                    "el": <button
                      class="p-1 bg-primary text-onPrimary"
                      data-test="submit_comment_button"
                    >
                      Submit
                    </button>,
                    "key": null,
                    "patchFlag": 17,
                    "props": {
                      "class": "p-1 bg-primary text-onPrimary",
                      "data-test": "submit_comment_button",
                      "onClick": [Function],
                    },
                    "ref": null,
                    "scopeId": null,
                    "shapeFlag": 9,
                    "slotScopeIds": null,
                    "ssContent": null,
                    "ssFallback": null,
                    "staticCount": 0,
                    "suspense": null,
                    "target": null,
                    "targetAnchor": null,
                    "transition": null,
                    "type": "button",
                  },
                  "suspense": null,
                  "suspenseId": 0,
                  "type": {
                    "__file": "C:/Users/metle/Desktop/Blogg/frontend/components/base/BaseButton.vue",
                    "__name": "BaseButton",
                    "props": {
                      "text": {
                        "required": true,
                        "type": [Function],
                      },
                    },
                    "render": [Function],
                    "setup": [Function],
                  },
                  "u": null,
                  "uid": 38,
                  "um": null,
                  "update": [Function],
                  "vnode": [Circular],
                  "withProxy": null,
                },
                "ctx": [Circular],
                "dirs": null,
                "dynamicChildren": null,
                "dynamicProps": null,
                "el": <button
                  class="p-1 bg-primary text-onPrimary"
                  data-test="submit_comment_button"
                >
                  Submit
                </button>,
                "key": null,
                "patchFlag": 0,
                "props": {
                  "class": "p-1 bg-primary text-onPrimary",
                  "data-test": "submit_comment_button",
                  "onClick": [Function],
                  "text": "Submit",
                },
                "ref": null,
                "scopeId": null,
                "shapeFlag": 4,
                "slotScopeIds": null,
                "ssContent": null,
                "ssFallback": null,
                "staticCount": 0,
                "suspense": null,
                "target": null,
                "targetAnchor": null,
                "transition": null,
                "type": {
                  "__file": "C:/Users/metle/Desktop/Blogg/frontend/components/base/BaseButton.vue",
                  "__name": "BaseButton",
                  "props": {
                    "text": {
                      "required": true,
                      "type": [Function],
                    },
                  },
                  "render": [Function],
                  "setup": [Function],
                },
              },
              {
                "__v_isVNode": true,
                "__v_skip": true,
                "anchor": null,
                "appContext": null,
                "children": [
                  {
                    "__v_isVNode": true,
                    "__v_skip": true,
                    "anchor": null,
                    "appContext": null,
                    "children": null,
                    "component": {
                      "a": null,
                      "accessCache": {},
                      "appContext": {
                        "app": [Circular],
                        "components": {
                          "BaseButton": {
                            "__file": "C:/Users/metle/Desktop/Blogg/frontend/components/base/BaseButton.vue",
                            "__name": "BaseButton",
                            "props": {
                              "text": {
                                "required": true,
                                "type": [Function],
                              },
                            },
                            "render": [Function],
                            "setup": [Function],
                          },
                          "BaseTextareaInput": {
                            "name": "BaseTextareaInput",
                          },
                          "transition": {
                            "name": "transition",
                          },
                          "transition-group": {
                            "name": "transition-group",
                          },
                        },
                        "config": {
                          "compilerOptions": {},
                          "errorHandler": undefined,
                          "globalProperties": {
                            "$pinia": {
                              "_a": [Circular],
                              "_e": EffectScope {
                                "_active": true,
                                "cleanups": [],
                                "detached": true,
                                "effects": [],
                                "parent": undefined,
                              },
                              "_p": [
                                [Function],
                                [Function],
                                [Function],
                              ],
                              "_s": Map {},
                              "_testing": true,
                              "app": [Circular],
                              "install": [Function],
                              "state": RefImpl {
                                "__v_isRef": true,
                                "__v_isShallow": false,
                                "_rawValue": {},
                                "_value": {},
                                "dep": undefined,
                              },
                              "use": [Function],
                            },
                          },
                          "isNativeTag": [Function],
                          "optionMergeStrategies": {},
                          "performance": false,
                          "warnHandler": undefined,
                        },
                        "directives": {},
                        "emitsCache": WeakMap {},
                        "mixins": [
                          {
                            "beforeCreate": [Function],
                          },
                        ],
                        "optionsCache": WeakMap {},
                        "propsCache": WeakMap {},
                        "provides": {
                          Symbol(pinia): {
                            "_a": [Circular],
                            "_e": EffectScope {
                              "_active": true,
                              "cleanups": [],
                              "detached": true,
                              "effects": [],
                              "parent": undefined,
                            },
                            "_p": [
                              [Function],
                              [Function],
                              [Function],
                            ],
                            "_s": Map {},
                            "_testing": true,
                            "app": [Circular],
                            "install": [Function],
                            "state": RefImpl {
                              "__v_isRef": true,
                              "__v_isShallow": false,
                              "_rawValue": {},
                              "_value": {},
                              "dep": undefined,
                            },
                            "use": [Function],
                          },
                        },
                        "reload": [Function],
                      },
                      "asyncDep": null,
                      "asyncResolved": false,
                      "attrs": {
                        "onEmitInput": [Function],
                      },
                      "attrsProxy": null,
                      "bc": null,
                      "bm": null,
                      "bu": null,
                      "bum": null,
                      "c": null,
                      "components": null,
                      "ctx": {
                        "placeholder": undefined,
                      },
                      "da": null,
                      "data": {},
                      "directives": null,
                      "ec": null,
                      "effect": ReactiveEffect {
                        "active": true,
                        "allowRecurse": true,
                        "deps": [
                          Set {
                            [Circular],
                          },
                          Set {
                            [Circular],
                          },
                        ],
                        "fn": [Function],
                        "onTrack": undefined,
                        "onTrigger": undefined,
                        "parent": undefined,
                        "scheduler": [Function],
                      },
                      "emit": [Function],
                      "emitsOptions": null,
                      "emitted": null,
                      "exposeProxy": null,
                      "exposed": null,
                      "inheritAttrs": undefined,
                      "isDeactivated": false,
                      "isMounted": true,
                      "isUnmounted": false,
                      "m": null,
                      "next": null,
                      "parent": [Circular],
                      "props": {
                        "placeholder": undefined,
                      },
                      "propsDefaults": {},
                      "propsOptions": [
                        {
                          "placeholder": {
                            "0": false,
                            "1": true,
                            "required": false,
                            "type": [Function],
                          },
                        },
                        [],
                      ],
                      "provides": {},
                      "proxy": {
                        "placeholder": undefined,
                      },
                      "refs": {},
                      "render": [Function],
                      "renderCache": [],
                      "root": [Circular],
                      "rtc": null,
                      "rtg": null,
                      "scope": EffectScope {
                        "_active": true,
                        "cleanups": [],
                        "detached": true,
                        "effects": [
                          ReactiveEffect {
                            "active": true,
                            "allowRecurse": true,
                            "deps": [
                              Set {
                                [Circular],
                              },
                              Set {
                                [Circular],
                              },
                            ],
                            "fn": [Function],
                            "onTrack": undefined,
                            "onTrigger": undefined,
                            "parent": undefined,
                            "scheduler": [Function],
                          },
                        ],
                        "parent": undefined,
                      },
                      "setupContext": {
                        "attrs": {
                          "onEmitInput": [Function],
                        },
                        "emit": [Function],
                        "expose": [Function],
                        "slots": {},
                      },
                      "setupState": {},
                      "slots": {},
                      "slotsProxy": {},
                      "sp": null,
                      "subTree": {
                        "__v_isVNode": true,
                        "__v_skip": true,
                        "anchor": null,
                        "appContext": null,
                        "ce": undefined,
                        "children": null,
                        "component": null,
                        "ctx": [Circular],
                        "dirs": null,
                        "dynamicChildren": null,
                        "dynamicProps": null,
                        "el": <base-textarea-input-stub />,
                        "key": null,
                        "patchFlag": 16,
                        "props": {
                          "onEmitInput": [Function],
                          "placeholder": undefined,
                        },
                        "ref": null,
                        "scopeId": null,
                        "shapeFlag": 1,
                        "slotScopeIds": null,
                        "ssContent": null,
                        "ssFallback": null,
                        "staticCount": 0,
                        "suspense": null,
                        "target": null,
                        "targetAnchor": null,
                        "transition": null,
                        "type": "base-textarea-input-stub",
                      },
                      "suspense": null,
                      "suspenseId": 0,
                      "type": {
                        "model": undefined,
                        "name": "BaseTextareaInput",
                        "props": {
                          "placeholder": {
                            "required": false,
                            "type": [Function],
                          },
                        },
                        "setup": [Function],
                      },
                      "u": null,
                      "uid": 39,
                      "um": null,
                      "update": [Function],
                      "vnode": [Circular],
                      "withProxy": null,
                    },
                    "ctx": [Circular],
                    "dirs": null,
                    "dynamicChildren": null,
                    "dynamicProps": null,
                    "el": <base-textarea-input-stub />,
                    "key": null,
                    "patchFlag": 0,
                    "props": {
                      "onEmitInput": [Function],
                    },
                    "ref": null,
                    "scopeId": null,
                    "shapeFlag": 4,
                    "slotScopeIds": null,
                    "ssContent": null,
                    "ssFallback": null,
                    "staticCount": 0,
                    "suspense": null,
                    "target": null,
                    "targetAnchor": null,
                    "transition": null,
                    "type": {
                      "model": undefined,
                      "name": "BaseTextareaInput",
                      "props": {
                        "placeholder": {
                          "required": false,
                          "type": [Function],
                        },
                      },
                      "setup": [Function],
                    },
                  },
                ],
                "component": null,
                "ctx": [Circular],
                "dirs": null,
                "dynamicChildren": null,
                "dynamicProps": null,
                "el": <div
                  data-test="input_comment_text"
                >
                  <base-textarea-input-stub />
                </div>,
                "key": null,
                "patchFlag": 0,
                "props": {
                  "data-test": "input_comment_text",
                },
                "ref": null,
                "scopeId": null,
                "shapeFlag": 17,
                "slotScopeIds": null,
                "ssContent": null,
                "ssFallback": null,
                "staticCount": 0,
                "suspense": null,
                "target": null,
                "targetAnchor": null,
                "transition": null,
                "type": "div",
              },
            ],
            "component": null,
            "ctx": [Circular],
            "dirs": null,
            "dynamicChildren": [
              {
                "__v_isVNode": true,
                "__v_skip": true,
                "anchor": null,
                "appContext": null,
                "children": null,
                "component": {
                  "a": null,
                  "accessCache": {
                    "@@__IMMUTABLE_ITERABLE__@@": 0,
                    "@@__IMMUTABLE_RECORD__@@": 0,
                    "_isMockFunction": 0,
                    "hasAttribute": 0,
                    "nodeType": 0,
                    "tagName": 0,
                    "text": 3,
                    "toJSON": 0,
                    Symbol(Symbol.toStringTag): 0,
                  },
                  "appContext": {
                    "app": [Circular],
                    "components": {
                      "BaseButton": {
                        "__file": "C:/Users/metle/Desktop/Blogg/frontend/components/base/BaseButton.vue",
                        "__name": "BaseButton",
                        "props": {
                          "text": {
                            "required": true,
                            "type": [Function],
                          },
                        },
                        "render": [Function],
                        "setup": [Function],
                      },
                      "BaseTextareaInput": {
                        "name": "BaseTextareaInput",
                      },
                      "transition": {
                        "name": "transition",
                      },
                      "transition-group": {
                        "name": "transition-group",
                      },
                    },
                    "config": {
                      "compilerOptions": {},
                      "errorHandler": undefined,
                      "globalProperties": {
                        "$pinia": {
                          "_a": [Circular],
                          "_e": EffectScope {
                            "_active": true,
                            "cleanups": [],
                            "detached": true,
                            "effects": [],
                            "parent": undefined,
                          },
                          "_p": [
                            [Function],
                            [Function],
                            [Function],
                          ],
                          "_s": Map {},
                          "_testing": true,
                          "app": [Circular],
                          "install": [Function],
                          "state": RefImpl {
                            "__v_isRef": true,
                            "__v_isShallow": false,
                            "_rawValue": {},
                            "_value": {},
                            "dep": undefined,
                          },
                          "use": [Function],
                        },
                      },
                      "isNativeTag": [Function],
                      "optionMergeStrategies": {},
                      "performance": false,
                      "warnHandler": undefined,
                    },
                    "directives": {},
                    "emitsCache": WeakMap {},
                    "mixins": [
                      {
                        "beforeCreate": [Function],
                      },
                    ],
                    "optionsCache": WeakMap {},
                    "propsCache": WeakMap {},
                    "provides": {
                      Symbol(pinia): {
                        "_a": [Circular],
                        "_e": EffectScope {
                          "_active": true,
                          "cleanups": [],
                          "detached": true,
                          "effects": [],
                          "parent": undefined,
                        },
                        "_p": [
                          [Function],
                          [Function],
                          [Function],
                        ],
                        "_s": Map {},
                        "_testing": true,
                        "app": [Circular],
                        "install": [Function],
                        "state": RefImpl {
                          "__v_isRef": true,
                          "__v_isShallow": false,
                          "_rawValue": {},
                          "_value": {},
                          "dep": undefined,
                        },
                        "use": [Function],
                      },
                    },
                    "reload": [Function],
                  },
                  "asyncDep": null,
                  "asyncResolved": false,
                  "attrs": {
                    "class": "p-1 bg-primary text-onPrimary",
                    "data-test": "submit_comment_button",
                    "onClick": [Function],
                  },
                  "attrsProxy": {
                    "class": "p-1 bg-primary text-onPrimary",
                    "data-test": "submit_comment_button",
                    "onClick": [Function],
                  },
                  "bc": null,
                  "bm": null,
                  "bu": null,
                  "bum": null,
                  "c": null,
                  "components": null,
                  "ctx": {
                    "text": "Submit",
                  },
                  "da": null,
                  "data": {},
                  "devtoolsRawSetupState": {},
                  "directives": null,
                  "ec": null,
                  "effect": ReactiveEffect {
                    "active": true,
                    "allowRecurse": true,
                    "deps": [
                      Set {
                        [Circular],
                      },
                      Set {
                        [Circular],
                      },
                    ],
                    "fn": [Function],
                    "onTrack": undefined,
                    "onTrigger": undefined,
                    "parent": undefined,
                    "scheduler": [Function],
                  },
                  "emit": [Function],
                  "emitsOptions": null,
                  "emitted": null,
                  "exposeProxy": null,
                  "exposed": {},
                  "inheritAttrs": undefined,
                  "isDeactivated": false,
                  "isMounted": true,
                  "isUnmounted": false,
                  "m": null,
                  "next": null,
                  "parent": [Circular],
                  "props": {
                    "text": "Submit",
                  },
                  "propsDefaults": {},
                  "propsOptions": [
                    {
                      "text": {
                        "0": false,
                        "1": true,
                        "required": true,
                        "type": [Function],
                      },
                    },
                    [],
                  ],
                  "provides": {},
                  "proxy": {
                    "text": "Submit",
                  },
                  "refs": {},
                  "render": [Function],
                  "renderCache": [],
                  "root": [Circular],
                  "rtc": null,
                  "rtg": null,
                  "scope": EffectScope {
                    "_active": true,
                    "cleanups": [],
                    "detached": true,
                    "effects": [
                      ReactiveEffect {
                        "active": true,
                        "allowRecurse": true,
                        "deps": [
                          Set {
                            [Circular],
                          },
                          Set {
                            [Circular],
                          },
                        ],
                        "fn": [Function],
                        "onTrack": undefined,
                        "onTrigger": undefined,
                        "parent": undefined,
                        "scheduler": [Function],
                      },
                    ],
                    "parent": undefined,
                  },
                  "setupContext": {
                    "attrs": {
                      "class": "p-1 bg-primary text-onPrimary",
                      "data-test": "submit_comment_button",
                      "onClick": [Function],
                    },
                    "emit": [Function],
                    "expose": [Function],
                    "slots": {},
                  },
                  "setupState": {},
                  "slots": {},
                  "slotsProxy": {},
                  "sp": null,
                  "subTree": {
                    "__v_isVNode": true,
                    "__v_skip": true,
                    "anchor": null,
                    "appContext": null,
                    "ce": undefined,
                    "children": "Submit",
                    "component": null,
                    "ctx": [Circular],
                    "dirs": null,
                    "dynamicChildren": [],
                    "dynamicProps": null,
                    "el": <button
                      class="p-1 bg-primary text-onPrimary"
                      data-test="submit_comment_button"
                    >
                      Submit
                    </button>,
                    "key": null,
                    "patchFlag": 17,
                    "props": {
                      "class": "p-1 bg-primary text-onPrimary",
                      "data-test": "submit_comment_button",
                      "onClick": [Function],
                    },
                    "ref": null,
                    "scopeId": null,
                    "shapeFlag": 9,
                    "slotScopeIds": null,
                    "ssContent": null,
                    "ssFallback": null,
                    "staticCount": 0,
                    "suspense": null,
                    "target": null,
                    "targetAnchor": null,
                    "transition": null,
                    "type": "button",
                  },
                  "suspense": null,
                  "suspenseId": 0,
                  "type": {
                    "__file": "C:/Users/metle/Desktop/Blogg/frontend/components/base/BaseButton.vue",
                    "__name": "BaseButton",
                    "props": {
                      "text": {
                        "required": true,
                        "type": [Function],
                      },
                    },
                    "render": [Function],
                    "setup": [Function],
                  },
                  "u": null,
                  "uid": 38,
                  "um": null,
                  "update": [Function],
                  "vnode": [Circular],
                  "withProxy": null,
                },
                "ctx": [Circular],
                "dirs": null,
                "dynamicChildren": null,
                "dynamicProps": null,
                "el": <button
                  class="p-1 bg-primary text-onPrimary"
                  data-test="submit_comment_button"
                >
                  Submit
                </button>,
                "key": null,
                "patchFlag": 0,
                "props": {
                  "class": "p-1 bg-primary text-onPrimary",
                  "data-test": "submit_comment_button",
                  "onClick": [Function],
                  "text": "Submit",
                },
                "ref": null,
                "scopeId": null,
                "shapeFlag": 4,
                "slotScopeIds": null,
                "ssContent": null,
                "ssFallback": null,
                "staticCount": 0,
                "suspense": null,
                "target": null,
                "targetAnchor": null,
                "transition": null,
                "type": {
                  "__file": "C:/Users/metle/Desktop/Blogg/frontend/components/base/BaseButton.vue",
                  "__name": "BaseButton",
                  "props": {
                    "text": {
                      "required": true,
                      "type": [Function],
                    },
                  },
                  "render": [Function],
                  "setup": [Function],
                },
              },
              {
                "__v_isVNode": true,
                "__v_skip": true,
                "anchor": null,
                "appContext": null,
                "children": null,
                "component": {
                  "a": null,
                  "accessCache": {
                    "@@__IMMUTABLE_ITERABLE__@@": 0,
                    "@@__IMMUTABLE_RECORD__@@": 0,
                    "_isMockFunction": 0,
                    "constructor": 0,
                    "placeholder": 3,
                    "toJSON": 0,
                    Symbol(Symbol.toStringTag): 0,
                  },
                  "appContext": {
                    "app": [Circular],
                    "components": {
                      "BaseButton": {
                        "__file": "C:/Users/metle/Desktop/Blogg/frontend/components/base/BaseButton.vue",
                        "__name": "BaseButton",
                        "props": {
                          "text": {
                            "required": true,
                            "type": [Function],
                          },
                        },
                        "render": [Function],
                        "setup": [Function],
                      },
                      "BaseTextareaInput": {
                        "name": "BaseTextareaInput",
                      },
                      "transition": {
                        "name": "transition",
                      },
                      "transition-group": {
                        "name": "transition-group",
                      },
                    },
                    "config": {
                      "compilerOptions": {},
                      "errorHandler": undefined,
                      "globalProperties": {
                        "$pinia": {
                          "_a": [Circular],
                          "_e": EffectScope {
                            "_active": true,
                            "cleanups": [],
                            "detached": true,
                            "effects": [],
                            "parent": undefined,
                          },
                          "_p": [
                            [Function],
                            [Function],
                            [Function],
                          ],
                          "_s": Map {},
                          "_testing": true,
                          "app": [Circular],
                          "install": [Function],
                          "state": RefImpl {
                            "__v_isRef": true,
                            "__v_isShallow": false,
                            "_rawValue": {},
                            "_value": {},
                            "dep": undefined,
                          },
                          "use": [Function],
                        },
                      },
                      "isNativeTag": [Function],
                      "optionMergeStrategies": {},
                      "performance": false,
                      "warnHandler": undefined,
                    },
                    "directives": {},
                    "emitsCache": WeakMap {},
                    "mixins": [
                      {
                        "beforeCreate": [Function],
                      },
                    ],
                    "optionsCache": WeakMap {},
                    "propsCache": WeakMap {},
                    "provides": {
                      Symbol(pinia): {
                        "_a": [Circular],
                        "_e": EffectScope {
                          "_active": true,
                          "cleanups": [],
                          "detached": true,
                          "effects": [],
                          "parent": undefined,
                        },
                        "_p": [
                          [Function],
                          [Function],
                          [Function],
                        ],
                        "_s": Map {},
                        "_testing": true,
                        "app": [Circular],
                        "install": [Function],
                        "state": RefImpl {
                          "__v_isRef": true,
                          "__v_isShallow": false,
                          "_rawValue": {},
                          "_value": {},
                          "dep": undefined,
                        },
                        "use": [Function],
                      },
                    },
                    "reload": [Function],
                  },
                  "asyncDep": null,
                  "asyncResolved": false,
                  "attrs": {
                    "onEmitInput": [Function],
                  },
                  "attrsProxy": {
                    "onEmitInput": [Function],
                  },
                  "bc": null,
                  "bm": null,
                  "bu": null,
                  "bum": null,
                  "c": null,
                  "components": null,
                  "ctx": {
                    "placeholder": undefined,
                  },
                  "da": null,
                  "data": {},
                  "directives": null,
                  "ec": null,
                  "effect": ReactiveEffect {
                    "active": true,
                    "allowRecurse": true,
                    "deps": [
                      Set {
                        [Circular],
                      },
                      Set {
                        [Circular],
                      },
                    ],
                    "fn": [Function],
                    "onTrack": undefined,
                    "onTrigger": undefined,
                    "parent": undefined,
                    "scheduler": [Function],
                  },
                  "emit": [Function],
                  "emitsOptions": null,
                  "emitted": null,
                  "exposeProxy": null,
                  "exposed": null,
                  "inheritAttrs": undefined,
                  "isDeactivated": false,
                  "isMounted": true,
                  "isUnmounted": false,
                  "m": null,
                  "next": null,
                  "parent": [Circular],
                  "props": {
                    "placeholder": undefined,
                  },
                  "propsDefaults": {},
                  "propsOptions": [
                    {
                      "placeholder": {
                        "0": false,
                        "1": true,
                        "required": false,
                        "type": [Function],
                      },
                    },
                    [],
                  ],
                  "provides": {},
                  "proxy": {
                    "placeholder": undefined,
                  },
                  "refs": {},
                  "render": [Function],
                  "renderCache": [],
                  "root": [Circular],
                  "rtc": null,
                  "rtg": null,
                  "scope": EffectScope {
                    "_active": true,
                    "cleanups": [],
                    "detached": true,
                    "effects": [
                      ReactiveEffect {
                        "active": true,
                        "allowRecurse": true,
                        "deps": [
                          Set {
                            [Circular],
                          },
                          Set {
                            [Circular],
                          },
                        ],
                        "fn": [Function],
                        "onTrack": undefined,
                        "onTrigger": undefined,
                        "parent": undefined,
                        "scheduler": [Function],
                      },
                    ],
                    "parent": undefined,
                  },
                  "setupContext": {
                    "attrs": {
                      "onEmitInput": [Function],
                    },
                    "emit": [Function],
                    "expose": [Function],
                    "slots": {},
                  },
                  "setupState": {},
                  "slots": {},
                  "slotsProxy": {},
                  "sp": null,
                  "subTree": {
                    "__v_isVNode": true,
                    "__v_skip": true,
                    "anchor": null,
                    "appContext": null,
                    "ce": undefined,
                    "children": null,
                    "component": null,
                    "ctx": [Circular],
                    "dirs": null,
                    "dynamicChildren": null,
                    "dynamicProps": null,
                    "el": <base-textarea-input-stub />,
                    "key": null,
                    "patchFlag": 16,
                    "props": {
                      "onEmitInput": [Function],
                      "placeholder": undefined,
                    },
                    "ref": null,
                    "scopeId": null,
                    "shapeFlag": 1,
                    "slotScopeIds": null,
                    "ssContent": null,
                    "ssFallback": null,
                    "staticCount": 0,
                    "suspense": null,
                    "target": null,
                    "targetAnchor": null,
                    "transition": null,
                    "type": "base-textarea-input-stub",
                  },
                  "suspense": null,
                  "suspenseId": 0,
                  "type": {
                    "model": undefined,
                    "name": "BaseTextareaInput",
                    "props": {
                      "placeholder": {
                        "required": false,
                        "type": [Function],
                      },
                    },
                    "setup": [Function],
                  },
                  "u": null,
                  "uid": 39,
                  "um": null,
                  "update": [Function],
                  "vnode": [Circular],
                  "withProxy": null,
                },
                "ctx": [Circular],
                "dirs": null,
                "dynamicChildren": null,
                "dynamicProps": null,
                "el": <base-textarea-input-stub />,
                "key": null,
                "patchFlag": 0,
                "props": {
                  "onEmitInput": [Function],
                },
                "ref": null,
                "scopeId": null,
                "shapeFlag": 4,
                "slotScopeIds": null,
                "ssContent": null,
                "ssFallback": null,
                "staticCount": 0,
                "suspense": null,
                "target": null,
                "targetAnchor": null,
                "transition": null,
                "type": {
                  "model": undefined,
                  "name": "BaseTextareaInput",
                  "props": {
                    "placeholder": {
                      "required": false,
                      "type": [Function],
                    },
                  },
                  "setup": [Function],
                },
              },
            ],
            "dynamicProps": null,
            "el": <div
              placeholder="testholder"
            >
              <button
                class="p-1 bg-primary text-onPrimary"
                data-test="submit_comment_button"
              >
                Submit
              </button>
              <div
                data-test="input_comment_text"
              >
                <base-textarea-input-stub />
              </div>
            </div>,
            "key": null,
            "patchFlag": 16,
            "props": {
              "placeholder": "testholder",
            },
            "ref": null,
            "scopeId": null,
            "shapeFlag": 17,
            "slotScopeIds": null,
            "ssContent": null,
            "ssFallback": null,
            "staticCount": 0,
            "suspense": null,
            "target": null,
            "targetAnchor": null,
            "transition": null,
            "type": "div",
          },
          "suspense": null,
          "suspenseId": 0,
          "type": {
            "__file": "C:/Users/metle/Desktop/Blogg/frontend/components/UI/CommentAdd.vue",
            "__name": "CommentAdd",
            "components": {
              "BaseButton": {
                "__file": "C:/Users/metle/Desktop/Blogg/frontend/components/base/BaseButton.vue",
                "__name": "BaseButton",
                "props": {
                  "text": {
                    "required": true,
                    "type": [Function],
                  },
                },
                "render": [Function],
                "setup": [Function],
              },
              "BaseTextareaInput": {
                "__file": "C:/Users/metle/Desktop/Blogg/frontend/components/base/BaseTextareaInput.vue",
                "__name": "BaseTextareaInput",
                "__scopeId": "data-v-d321fa32",
                "emits": [
                  "emitInput",
                ],
                "props": {
                  "placeholder": {
                    "required": false,
                    "type": [Function],
                  },
                },
                "render": [Function],
                "setup": [Function],
              },
            },
            "emits": [
              "emitComment",
            ],
            "render": [Function],
            "setup": [Function],
          },
          "u": null,
          "uid": 37,
          "um": null,
          "update": [Function],
          "vnode": [Circular],
          "withProxy": null,
        },
        "ctx": [Circular],
        "dirs": null,
        "dynamicChildren": null,
        "dynamicProps": null,
        "el": <div
          placeholder="testholder"
        >
          <button
            class="p-1 bg-primary text-onPrimary"
            data-test="submit_comment_button"
          >
            Submit
          </button>
          <div
            data-test="input_comment_text"
          >
            <base-textarea-input-stub />
          </div>
        </div>,
        "key": null,
        "patchFlag": 0,
        "props": {
          "placeholder": "testholder",
          "ref": "VTU_COMPONENT",
        },
        "ref": {
          "f": false,
          "i": [Circular],
          "k": undefined,
          "r": "VTU_COMPONENT",
        },
        "scopeId": null,
        "shapeFlag": 36,
        "slotScopeIds": null,
        "ssContent": null,
        "ssFallback": null,
        "staticCount": 0,
        "suspense": null,
        "target": null,
        "targetAnchor": null,
        "transition": null,
        "type": {
          "__file": "C:/Users/metle/Desktop/Blogg/frontend/components/UI/CommentAdd.vue",
          "__name": "CommentAdd",
          "components": {
            "BaseButton": {
              "__file": "C:/Users/metle/Desktop/Blogg/frontend/components/base/BaseButton.vue",
              "__name": "BaseButton",
              "props": {
                "text": {
                  "required": true,
                  "type": [Function],
                },
              },
              "render": [Function],
              "setup": [Function],
            },
            "BaseTextareaInput": {
              "__file": "C:/Users/metle/Desktop/Blogg/frontend/components/base/BaseTextareaInput.vue",
              "__name": "BaseTextareaInput",
              "__scopeId": "data-v-d321fa32",
              "emits": [
                "emitInput",
              ],
              "props": {
                "placeholder": {
                  "required": false,
                  "type": [Function],
                },
              },
              "render": [Function],
              "setup": [Function],
            },
          },
          "emits": [
            "emitComment",
          ],
          "render": [Function],
          "setup": [Function],
        },
      },
      "suspense": null,
      "suspenseId": 0,
      "type": {
        "name": "VTU_ROOT",
        "render": [Function],
        "setup": [Function],
      },
      "u": null,
      "uid": 36,
      "um": null,
      "update": [Function],
      "vnode": {
        "__v_isVNode": true,
        "__v_skip": true,
        "anchor": null,
        "appContext": {
          "app": [Circular],
          "components": {
            "BaseButton": {
              "__file": "C:/Users/metle/Desktop/Blogg/frontend/components/base/BaseButton.vue",
              "__name": "BaseButton",
              "props": {
                "text": {
                  "required": true,
                  "type": [Function],
                },
              },
              "render": [Function],
              "setup": [Function],
            },
            "BaseTextareaInput": {
              "name": "BaseTextareaInput",
            },
            "transition": {
              "name": "transition",
            },
            "transition-group": {
              "name": "transition-group",
            },
          },
          "config": {
            "compilerOptions": {},
            "errorHandler": undefined,
            "globalProperties": {
              "$pinia": {
                "_a": [Circular],
                "_e": EffectScope {
                  "_active": true,
                  "cleanups": [],
                  "detached": true,
                  "effects": [],
                  "parent": undefined,
                },
                "_p": [
                  [Function],
                  [Function],
                  [Function],
                ],
                "_s": Map {},
                "_testing": true,
                "app": [Circular],
                "install": [Function],
                "state": RefImpl {
                  "__v_isRef": true,
                  "__v_isShallow": false,
                  "_rawValue": {},
                  "_value": {},
                  "dep": undefined,
                },
                "use": [Function],
              },
            },
            "isNativeTag": [Function],
            "optionMergeStrategies": {},
            "performance": false,
            "warnHandler": undefined,
          },
          "directives": {},
          "emitsCache": WeakMap {},
          "mixins": [
            {
              "beforeCreate": [Function],
            },
          ],
          "optionsCache": WeakMap {},
          "propsCache": WeakMap {},
          "provides": {
            Symbol(pinia): {
              "_a": [Circular],
              "_e": EffectScope {
                "_active": true,
                "cleanups": [],
                "detached": true,
                "effects": [],
                "parent": undefined,
              },
              "_p": [
                [Function],
                [Function],
                [Function],
              ],
              "_s": Map {},
              "_testing": true,
              "app": [Circular],
              "install": [Function],
              "state": RefImpl {
                "__v_isRef": true,
                "__v_isShallow": false,
                "_rawValue": {},
                "_value": {},
                "dep": undefined,
              },
              "use": [Function],
            },
          },
          "reload": [Function],
        },
        "children": null,
        "component": [Circular],
        "ctx": null,
        "dirs": null,
        "dynamicChildren": null,
        "dynamicProps": null,
        "el": <div
          placeholder="testholder"
        >
          <button
            class="p-1 bg-primary text-onPrimary"
            data-test="submit_comment_button"
          >
            Submit
          </button>
          <div
            data-test="input_comment_text"
          >
            <base-textarea-input-stub />
          </div>
        </div>,
        "key": null,
        "patchFlag": 0,
        "props": null,
        "ref": null,
        "scopeId": null,
        "shapeFlag": 4,
        "slotScopeIds": null,
        "ssContent": null,
        "ssFallback": null,
        "staticCount": 0,
        "suspense": null,
        "target": null,
        "targetAnchor": null,
        "transition": null,
        "type": {
          "name": "VTU_ROOT",
          "render": [Function],
          "setup": [Function],
        },
      },
      "withProxy": null,
    },
    "_props": null,
    "_uid": 9,
    "component": [Function],
    "config": {
      "compilerOptions": {},
      "errorHandler": undefined,
      "globalProperties": {
        "$pinia": {
          "_a": [Circular],
          "_e": EffectScope {
            "_active": true,
            "cleanups": [],
            "detached": true,
            "effects": [],
            "parent": undefined,
          },
          "_p": [
            [Function],
            [Function],
            [Function],
          ],
          "_s": Map {},
          "_testing": true,
          "app": [Circular],
          "install": [Function],
          "state": RefImpl {
            "__v_isRef": true,
            "__v_isShallow": false,
            "_rawValue": {},
            "_value": {},
            "dep": undefined,
          },
          "use": [Function],
        },
      },
      "isNativeTag": [Function],
      "optionMergeStrategies": {},
      "performance": false,
      "warnHandler": undefined,
    },
    "directive": [Function],
    "mixin": [Function],
    "mount": [Function],
    "provide": [Function],
    "runWithContext": [Function],
    "unmount": [Function],
    "use": [Function],
    "version": "3.3.7",
  },
  "__setProps": [Function],
  "cleanUpCallbacks": [
    [Function],
    [Function],
    [Function],
    [Function],
    [Function],
    [Function],
    [Function],
    [Function],
    [Function],
    [Function],
    [Function],
    [Function],
    [Function],
    [Function],
    [Function],
    [Function],
    [Function],
    [Function],
    [Function],
    [Function],
    [Function],
    [Function],
    [Function],
    [Function],
    [Function],
    [Function],
    [Function],
    [Function],
    [Function],
    [Function],
    [Function],
    [Function],
    [Function],
    [Function],
    [Function],
    [Function],
    [Function],
    [Function],
    [Function],
    [Function],
    [Function],
    [Function],
    [Function],
    [Function],
    [Function],
    [Function],
    [Function],
    [Function],
    [Function],
    [Function],
    [Function],
    [Function],
    [Function],
    [Function],
    [Function],
    [Function],
    [Function],
    [Function],
    [Function],
    [Function],
    [Function],
    [Function],
    [Function],
    [Function],
    [Function],
    [Function],
    [Function],
    [Function],
    [Function],
    [Function],
    [Function],
    [Function],
    [Function],
    [Function],
    [Function],
    [Function],
    [Function],
    [Function],
    [Function],
    [Function],
    [Function],
    [Function],
    [Function],
    [Function],
    [Function],
    [Function],
    [Function],
    [Function],
    [Function],
    [Function],
    [Function],
    [Function],
    [Function],
    [Function],
    [Function],
    [Function],
    [Function],
    [Function],
    [Function],
    [Function],
    [Function],
    [Function],
    [Function],
    [Function],
    [Function],
    [Function],
    [Function],
    [Function],
    [Function],
    [Function],
    [Function],
    [Function],
    [Function],
    [Function],
    [Function],
    [Function],
    [Function],
    [Function],
    [Function],
    [Function],
    [Function],
    [Function],
    [Function],
    [Function],
    [Function],
    [Function],
    [Function],
    [Function],
    [Function],
    [Function],
    [Function],
    [Function],
    [Function],
    [Function],
    [Function],
    [Function],
    [Function],
    [Function],
    [Function],
    [Function],
    [Function],
    [Function],
    [Function],
    [Function],
    [Function],
    [Function],
    [Function],
    [Function],
    [Function],
    [Function],
    [Function],
    [Function],
    [Function],
    [Function],
    [Function],
    [Function],
    [Function],
    [Function],
    [Function],
    [Function],
    [Function],
    [Function],
    [Function],
    [Function],
    [Function],
    [Function],
    [Function],
    [Function],
    [Function],
    [Function],
    [Function],
    [Function],
  ],
  "componentVM": {},
  "isDisabled": [Function],
  "rootVM": {
    "VTU_COMPONENT": {},
  },
  "wrapperElement": <div
    placeholder="testholder"
  >
    <button
      class="p-1 bg-primary text-onPrimary"
      data-test="submit_comment_button"
    >
      Submit
    </button>
    <div
      data-test="input_comment_text"
    >
      <base-textarea-input-stub />
    </div>
  </div>,
}
`;
