// Vitest Snapshot v1, https://vitest.dev/guide/snapshot.html

exports[`Testing the component that adds a commponet > Should match snapshot 1`] = `
VueWrapper {
  "__app": {
    "_component": {
      "name": "VTU_ROOT",
      "render": [Function],
      "setup": [Function],
    },
    "_container": <div
      data-v-app=""
    >
      <div>
        <basebutton
          class="rounded-md mb-2 p-1 bg-primary text-onPrimary"
          data-test="submit_comment_button"
          text="Submit"
        />
        <div
          data-test="input_comment_text"
        >
          <input-textarea-stub
            modelmodifiers="[object Object]"
            modelvalue=""
          />
        </div>
      </div>
    </div>,
    "_context": {
      "app": [Circular],
      "components": {
        "InputTextarea": {
          "name": "InputTextarea",
        },
        "transition": {
          "name": "transition",
        },
        "transition-group": {
          "name": "transition-group",
        },
      },
      "config": {
        "compilerOptions": {},
        "errorHandler": undefined,
        "globalProperties": {},
        "isNativeTag": [Function],
        "optionMergeStrategies": {},
        "performance": false,
        "warnHandler": undefined,
      },
      "directives": {},
      "emitsCache": WeakMap {},
      "mixins": [
        {
          "beforeCreate": [Function],
        },
      ],
      "optionsCache": WeakMap {},
      "propsCache": WeakMap {},
      "provides": {},
      "reload": [Function],
    },
    "_instance": {
      "a": null,
      "accessCache": {},
      "appContext": {
        "app": [Circular],
        "components": {
          "InputTextarea": {
            "name": "InputTextarea",
          },
          "transition": {
            "name": "transition",
          },
          "transition-group": {
            "name": "transition-group",
          },
        },
        "config": {
          "compilerOptions": {},
          "errorHandler": undefined,
          "globalProperties": {},
          "isNativeTag": [Function],
          "optionMergeStrategies": {},
          "performance": false,
          "warnHandler": undefined,
        },
        "directives": {},
        "emitsCache": WeakMap {},
        "mixins": [
          {
            "beforeCreate": [Function],
          },
        ],
        "optionsCache": WeakMap {},
        "propsCache": WeakMap {},
        "provides": {},
        "reload": [Function],
      },
      "asyncDep": null,
      "asyncResolved": false,
      "attrs": {},
      "attrsProxy": null,
      "bc": null,
      "bm": null,
      "bu": null,
      "bum": null,
      "c": null,
      "components": null,
      "ctx": {
        "VTU_COMPONENT": {},
      },
      "da": null,
      "data": {},
      "devtoolsRawSetupState": {
        "VTU_COMPONENT": RefImpl {
          "__v_isRef": true,
          "__v_isShallow": false,
          "_rawValue": {},
          "_value": {},
          "dep": undefined,
        },
      },
      "directives": null,
      "ec": null,
      "effect": ReactiveEffect {
        "_depsLength": 3,
        "_dirtyLevel": 0,
        "_queryings": 0,
        "_runnings": 0,
        "_trackId": 1,
        "active": true,
        "allowRecurse": true,
        "deps": [
          Map {
            [Circular] => 1,
          },
          Map {
            [Circular] => 1,
          },
          Map {
            [Circular] => 1,
          },
        ],
        "fn": [Function],
        "onTrack": undefined,
        "onTrigger": undefined,
        "scheduler": [Function],
        "trigger": [Function],
      },
      "emit": [Function],
      "emitsOptions": null,
      "emitted": null,
      "exposeProxy": null,
      "exposed": null,
      "inheritAttrs": undefined,
      "isDeactivated": false,
      "isMounted": true,
      "isUnmounted": false,
      "m": null,
      "next": null,
      "parent": null,
      "props": {},
      "propsDefaults": {},
      "propsOptions": [
        {},
        [],
      ],
      "provides": {},
      "proxy": {
        "VTU_COMPONENT": {},
      },
      "refs": {
        "VTU_COMPONENT": {},
      },
      "render": [Function],
      "renderCache": [],
      "root": [Circular],
      "rtc": null,
      "rtg": null,
      "scope": EffectScope {
        "_active": true,
        "cleanups": [],
        "detached": true,
        "effects": [
          ReactiveEffect {
            "_depsLength": 3,
            "_dirtyLevel": 0,
            "_queryings": 0,
            "_runnings": 0,
            "_trackId": 1,
            "active": true,
            "allowRecurse": true,
            "deps": [
              Map {
                [Circular] => 1,
              },
              Map {
                [Circular] => 1,
              },
              Map {
                [Circular] => 1,
              },
            ],
            "fn": [Function],
            "onTrack": undefined,
            "onTrigger": undefined,
            "scheduler": [Function],
            "trigger": [Function],
          },
        ],
        "parent": undefined,
      },
      "setupContext": null,
      "setupState": {
        "VTU_COMPONENT": {},
      },
      "slots": {},
      "slotsProxy": null,
      "sp": null,
      "subTree": {
        "__v_isVNode": true,
        "__v_skip": true,
        "anchor": null,
        "appContext": null,
        "children": {
          "_ctx": [Circular],
        },
        "component": {
          "a": null,
          "accessCache": {},
          "appContext": {
            "app": [Circular],
            "components": {
              "InputTextarea": {
                "name": "InputTextarea",
              },
              "transition": {
                "name": "transition",
              },
              "transition-group": {
                "name": "transition-group",
              },
            },
            "config": {
              "compilerOptions": {},
              "errorHandler": undefined,
              "globalProperties": {},
              "isNativeTag": [Function],
              "optionMergeStrategies": {},
              "performance": false,
              "warnHandler": undefined,
            },
            "directives": {},
            "emitsCache": WeakMap {},
            "mixins": [
              {
                "beforeCreate": [Function],
              },
            ],
            "optionsCache": WeakMap {},
            "propsCache": WeakMap {},
            "provides": {},
            "reload": [Function],
          },
          "asyncDep": null,
          "asyncResolved": false,
          "attrs": {},
          "attrsProxy": null,
          "bc": null,
          "bm": null,
          "bu": null,
          "bum": null,
          "c": null,
          "components": {},
          "ctx": {},
          "da": null,
          "data": {},
          "devtoolsRawSetupState": {
            "emit": [Function],
            "textInput": RefImpl {
              "__v_isRef": true,
              "__v_isShallow": false,
              "_rawValue": "",
              "_value": "",
              "dep": Map {
                ReactiveEffect {
                  "_depsLength": 1,
                  "_dirtyLevel": 0,
                  "_queryings": 0,
                  "_runnings": 0,
                  "_trackId": 1,
                  "active": true,
                  "allowRecurse": true,
                  "deps": [
                    [Circular],
                  ],
                  "fn": [Function],
                  "onTrack": undefined,
                  "onTrigger": undefined,
                  "scheduler": [Function],
                  "trigger": [Function],
                } => 1,
              },
            },
            "tryAddComment": [Function],
          },
          "directives": null,
          "ec": null,
          "effect": ReactiveEffect {
            "_depsLength": 1,
            "_dirtyLevel": 0,
            "_queryings": 0,
            "_runnings": 0,
            "_trackId": 1,
            "active": true,
            "allowRecurse": true,
            "deps": [
              Map {
                [Circular] => 1,
              },
            ],
            "fn": [Function],
            "onTrack": undefined,
            "onTrigger": undefined,
            "scheduler": [Function],
            "trigger": [Function],
          },
          "emit": [Function],
          "emitsOptions": {
            "emitComment": null,
          },
          "emitted": null,
          "exposeProxy": {},
          "exposed": {},
          "inheritAttrs": undefined,
          "isDeactivated": false,
          "isMounted": true,
          "isUnmounted": false,
          "m": null,
          "next": null,
          "parent": [Circular],
          "props": {},
          "propsDefaults": {},
          "propsOptions": [
            {},
            [],
          ],
          "provides": {},
          "proxy": {},
          "refs": {},
          "render": [Function],
          "renderCache": [
            [Function],
          ],
          "root": [Circular],
          "rtc": null,
          "rtg": null,
          "scope": EffectScope {
            "_active": true,
            "cleanups": [],
            "detached": true,
            "effects": [
              ReactiveEffect {
                "_depsLength": 1,
                "_dirtyLevel": 0,
                "_queryings": 0,
                "_runnings": 0,
                "_trackId": 1,
                "active": true,
                "allowRecurse": true,
                "deps": [
                  Map {
                    [Circular] => 1,
                  },
                ],
                "fn": [Function],
                "onTrack": undefined,
                "onTrigger": undefined,
                "scheduler": [Function],
                "trigger": [Function],
              },
            ],
            "parent": undefined,
          },
          "setupContext": {
            "attrs": {},
            "emit": [Function],
            "expose": [Function],
            "slots": {},
          },
          "setupState": {
            "emit": [Function],
            "textInput": "",
            "tryAddComment": [Function],
          },
          "slots": {},
          "slotsProxy": {},
          "sp": null,
          "subTree": {
            "__v_isVNode": true,
            "__v_skip": true,
            "anchor": null,
            "appContext": null,
            "children": [
              {
                "__v_isVNode": true,
                "__v_skip": true,
                "anchor": null,
                "appContext": null,
                "children": null,
                "component": null,
                "ctx": [Circular],
                "dirs": null,
                "dynamicChildren": null,
                "dynamicProps": null,
                "el": <basebutton
                  class="rounded-md mb-2 p-1 bg-primary text-onPrimary"
                  data-test="submit_comment_button"
                  text="Submit"
                />,
                "key": null,
                "patchFlag": 0,
                "props": {
                  "class": "rounded-md mb-2 p-1 bg-primary text-onPrimary",
                  "data-test": "submit_comment_button",
                  "onClick": [Function],
                  "text": "Submit",
                },
                "ref": null,
                "scopeId": null,
                "shapeFlag": 1,
                "slotScopeIds": null,
                "ssContent": null,
                "ssFallback": null,
                "staticCount": 0,
                "suspense": null,
                "target": null,
                "targetAnchor": null,
                "transition": null,
                "type": "BaseButton",
              },
              {
                "__v_isVNode": true,
                "__v_skip": true,
                "anchor": null,
                "appContext": null,
                "children": [
                  {
                    "__v_isVNode": true,
                    "__v_skip": true,
                    "anchor": null,
                    "appContext": null,
                    "children": null,
                    "component": {
                      "a": null,
                      "accessCache": {},
                      "appContext": {
                        "app": [Circular],
                        "components": {
                          "InputTextarea": {
                            "name": "InputTextarea",
                          },
                          "transition": {
                            "name": "transition",
                          },
                          "transition-group": {
                            "name": "transition-group",
                          },
                        },
                        "config": {
                          "compilerOptions": {},
                          "errorHandler": undefined,
                          "globalProperties": {},
                          "isNativeTag": [Function],
                          "optionMergeStrategies": {},
                          "performance": false,
                          "warnHandler": undefined,
                        },
                        "directives": {},
                        "emitsCache": WeakMap {},
                        "mixins": [
                          {
                            "beforeCreate": [Function],
                          },
                        ],
                        "optionsCache": WeakMap {},
                        "propsCache": WeakMap {},
                        "provides": {},
                        "reload": [Function],
                      },
                      "asyncDep": null,
                      "asyncResolved": false,
                      "attrs": {
                        "modelModifiers": {
                          "trim": true,
                        },
                        "modelValue": "",
                        "onUpdate:modelValue": [Function],
                      },
                      "attrsProxy": null,
                      "bc": null,
                      "bm": null,
                      "bu": null,
                      "bum": null,
                      "c": null,
                      "components": null,
                      "ctx": {},
                      "da": null,
                      "data": {},
                      "directives": null,
                      "ec": null,
                      "effect": ReactiveEffect {
                        "_depsLength": 1,
                        "_dirtyLevel": 0,
                        "_queryings": 0,
                        "_runnings": 0,
                        "_trackId": 1,
                        "active": true,
                        "allowRecurse": true,
                        "deps": [
                          Map {
                            [Circular] => 1,
                          },
                        ],
                        "fn": [Function],
                        "onTrack": undefined,
                        "onTrigger": undefined,
                        "scheduler": [Function],
                        "trigger": [Function],
                      },
                      "emit": [Function],
                      "emitsOptions": null,
                      "emitted": null,
                      "exposeProxy": null,
                      "exposed": null,
                      "inheritAttrs": undefined,
                      "isDeactivated": false,
                      "isMounted": true,
                      "isUnmounted": false,
                      "m": null,
                      "next": null,
                      "parent": [Circular],
                      "props": {},
                      "propsDefaults": {},
                      "propsOptions": [
                        {},
                        [],
                      ],
                      "provides": {},
                      "proxy": {},
                      "refs": {},
                      "render": [Function],
                      "renderCache": [],
                      "root": [Circular],
                      "rtc": null,
                      "rtg": null,
                      "scope": EffectScope {
                        "_active": true,
                        "cleanups": [],
                        "detached": true,
                        "effects": [
                          ReactiveEffect {
                            "_depsLength": 1,
                            "_dirtyLevel": 0,
                            "_queryings": 0,
                            "_runnings": 0,
                            "_trackId": 1,
                            "active": true,
                            "allowRecurse": true,
                            "deps": [
                              Map {
                                [Circular] => 1,
                              },
                            ],
                            "fn": [Function],
                            "onTrack": undefined,
                            "onTrigger": undefined,
                            "scheduler": [Function],
                            "trigger": [Function],
                          },
                        ],
                        "parent": undefined,
                      },
                      "setupContext": {
                        "attrs": {
                          "modelModifiers": {
                            "trim": true,
                          },
                          "modelValue": "",
                          "onUpdate:modelValue": [Function],
                        },
                        "emit": [Function],
                        "expose": [Function],
                        "slots": {},
                      },
                      "setupState": {},
                      "slots": {},
                      "slotsProxy": {},
                      "sp": null,
                      "subTree": {
                        "__v_isVNode": true,
                        "__v_skip": true,
                        "anchor": null,
                        "appContext": null,
                        "ce": undefined,
                        "children": null,
                        "component": null,
                        "ctx": [Circular],
                        "dirs": null,
                        "dynamicChildren": null,
                        "dynamicProps": null,
                        "el": <input-textarea-stub
                          modelmodifiers="[object Object]"
                          modelvalue=""
                        />,
                        "key": null,
                        "patchFlag": 16,
                        "props": {
                          "modelModifiers": {
                            "trim": true,
                          },
                          "modelValue": "",
                          "onUpdate:modelValue": [Function],
                        },
                        "ref": null,
                        "scopeId": null,
                        "shapeFlag": 1,
                        "slotScopeIds": null,
                        "ssContent": null,
                        "ssFallback": null,
                        "staticCount": 0,
                        "suspense": null,
                        "target": null,
                        "targetAnchor": null,
                        "transition": null,
                        "type": "input-textarea-stub",
                      },
                      "suspense": null,
                      "suspenseId": 0,
                      "type": {
                        "model": undefined,
                        "name": "InputTextarea",
                        "props": {},
                        "setup": [Function],
                      },
                      "u": null,
                      "uid": 5,
                      "um": null,
                      "update": [Function],
                      "vnode": [Circular],
                      "withProxy": null,
                    },
                    "ctx": [Circular],
                    "dirs": null,
                    "dynamicChildren": null,
                    "dynamicProps": [
                      "modelValue",
                    ],
                    "el": <input-textarea-stub
                      modelmodifiers="[object Object]"
                      modelvalue=""
                    />,
                    "key": null,
                    "patchFlag": 8,
                    "props": {
                      "modelModifiers": {
                        "trim": true,
                      },
                      "modelValue": "",
                      "onUpdate:modelValue": [Function],
                    },
                    "ref": null,
                    "scopeId": null,
                    "shapeFlag": 4,
                    "slotScopeIds": null,
                    "ssContent": null,
                    "ssFallback": null,
                    "staticCount": 0,
                    "suspense": null,
                    "target": null,
                    "targetAnchor": null,
                    "transition": null,
                    "type": {
                      "model": undefined,
                      "name": "InputTextarea",
                      "props": {},
                      "setup": [Function],
                    },
                  },
                ],
                "component": null,
                "ctx": [Circular],
                "dirs": null,
                "dynamicChildren": null,
                "dynamicProps": null,
                "el": <div
                  data-test="input_comment_text"
                >
                  <input-textarea-stub
                    modelmodifiers="[object Object]"
                    modelvalue=""
                  />
                </div>,
                "key": null,
                "patchFlag": 0,
                "props": {
                  "data-test": "input_comment_text",
                },
                "ref": null,
                "scopeId": null,
                "shapeFlag": 17,
                "slotScopeIds": null,
                "ssContent": null,
                "ssFallback": null,
                "staticCount": 0,
                "suspense": null,
                "target": null,
                "targetAnchor": null,
                "transition": null,
                "type": "div",
              },
            ],
            "component": null,
            "ctx": [Circular],
            "dirs": null,
            "dynamicChildren": [
              {
                "__v_isVNode": true,
                "__v_skip": true,
                "anchor": null,
                "appContext": null,
                "children": null,
                "component": {
                  "a": null,
                  "accessCache": {
                    "@@__IMMUTABLE_ITERABLE__@@": 0,
                    "@@__IMMUTABLE_RECORD__@@": 0,
                    "_isMockFunction": 0,
                    "constructor": 0,
                    "toJSON": 0,
                    Symbol(Symbol.toStringTag): 0,
                  },
                  "appContext": {
                    "app": [Circular],
                    "components": {
                      "InputTextarea": {
                        "name": "InputTextarea",
                      },
                      "transition": {
                        "name": "transition",
                      },
                      "transition-group": {
                        "name": "transition-group",
                      },
                    },
                    "config": {
                      "compilerOptions": {},
                      "errorHandler": undefined,
                      "globalProperties": {},
                      "isNativeTag": [Function],
                      "optionMergeStrategies": {},
                      "performance": false,
                      "warnHandler": undefined,
                    },
                    "directives": {},
                    "emitsCache": WeakMap {},
                    "mixins": [
                      {
                        "beforeCreate": [Function],
                      },
                    ],
                    "optionsCache": WeakMap {},
                    "propsCache": WeakMap {},
                    "provides": {},
                    "reload": [Function],
                  },
                  "asyncDep": null,
                  "asyncResolved": false,
                  "attrs": {
                    "modelModifiers": {
                      "trim": true,
                    },
                    "modelValue": "",
                    "onUpdate:modelValue": [Function],
                  },
                  "attrsProxy": {
                    "modelModifiers": {
                      "trim": true,
                    },
                    "modelValue": "",
                    "onUpdate:modelValue": [Function],
                  },
                  "bc": null,
                  "bm": null,
                  "bu": null,
                  "bum": null,
                  "c": null,
                  "components": null,
                  "ctx": {},
                  "da": null,
                  "data": {},
                  "directives": null,
                  "ec": null,
                  "effect": ReactiveEffect {
                    "_depsLength": 1,
                    "_dirtyLevel": 0,
                    "_queryings": 0,
                    "_runnings": 0,
                    "_trackId": 1,
                    "active": true,
                    "allowRecurse": true,
                    "deps": [
                      Map {
                        [Circular] => 1,
                      },
                    ],
                    "fn": [Function],
                    "onTrack": undefined,
                    "onTrigger": undefined,
                    "scheduler": [Function],
                    "trigger": [Function],
                  },
                  "emit": [Function],
                  "emitsOptions": null,
                  "emitted": null,
                  "exposeProxy": null,
                  "exposed": null,
                  "inheritAttrs": undefined,
                  "isDeactivated": false,
                  "isMounted": true,
                  "isUnmounted": false,
                  "m": null,
                  "next": null,
                  "parent": [Circular],
                  "props": {},
                  "propsDefaults": {},
                  "propsOptions": [
                    {},
                    [],
                  ],
                  "provides": {},
                  "proxy": {},
                  "refs": {},
                  "render": [Function],
                  "renderCache": [],
                  "root": [Circular],
                  "rtc": null,
                  "rtg": null,
                  "scope": EffectScope {
                    "_active": true,
                    "cleanups": [],
                    "detached": true,
                    "effects": [
                      ReactiveEffect {
                        "_depsLength": 1,
                        "_dirtyLevel": 0,
                        "_queryings": 0,
                        "_runnings": 0,
                        "_trackId": 1,
                        "active": true,
                        "allowRecurse": true,
                        "deps": [
                          Map {
                            [Circular] => 1,
                          },
                        ],
                        "fn": [Function],
                        "onTrack": undefined,
                        "onTrigger": undefined,
                        "scheduler": [Function],
                        "trigger": [Function],
                      },
                    ],
                    "parent": undefined,
                  },
                  "setupContext": {
                    "attrs": {
                      "modelModifiers": {
                        "trim": true,
                      },
                      "modelValue": "",
                      "onUpdate:modelValue": [Function],
                    },
                    "emit": [Function],
                    "expose": [Function],
                    "slots": {},
                  },
                  "setupState": {},
                  "slots": {},
                  "slotsProxy": {},
                  "sp": null,
                  "subTree": {
                    "__v_isVNode": true,
                    "__v_skip": true,
                    "anchor": null,
                    "appContext": null,
                    "ce": undefined,
                    "children": null,
                    "component": null,
                    "ctx": [Circular],
                    "dirs": null,
                    "dynamicChildren": null,
                    "dynamicProps": null,
                    "el": <input-textarea-stub
                      modelmodifiers="[object Object]"
                      modelvalue=""
                    />,
                    "key": null,
                    "patchFlag": 16,
                    "props": {
                      "modelModifiers": {
                        "trim": true,
                      },
                      "modelValue": "",
                      "onUpdate:modelValue": [Function],
                    },
                    "ref": null,
                    "scopeId": null,
                    "shapeFlag": 1,
                    "slotScopeIds": null,
                    "ssContent": null,
                    "ssFallback": null,
                    "staticCount": 0,
                    "suspense": null,
                    "target": null,
                    "targetAnchor": null,
                    "transition": null,
                    "type": "input-textarea-stub",
                  },
                  "suspense": null,
                  "suspenseId": 0,
                  "type": {
                    "model": undefined,
                    "name": "InputTextarea",
                    "props": {},
                    "setup": [Function],
                  },
                  "u": null,
                  "uid": 5,
                  "um": null,
                  "update": [Function],
                  "vnode": [Circular],
                  "withProxy": null,
                },
                "ctx": [Circular],
                "dirs": null,
                "dynamicChildren": null,
                "dynamicProps": [
                  "modelValue",
                ],
                "el": <input-textarea-stub
                  modelmodifiers="[object Object]"
                  modelvalue=""
                />,
                "key": null,
                "patchFlag": 8,
                "props": {
                  "modelModifiers": {
                    "trim": true,
                  },
                  "modelValue": "",
                  "onUpdate:modelValue": [Function],
                },
                "ref": null,
                "scopeId": null,
                "shapeFlag": 4,
                "slotScopeIds": null,
                "ssContent": null,
                "ssFallback": null,
                "staticCount": 0,
                "suspense": null,
                "target": null,
                "targetAnchor": null,
                "transition": null,
                "type": {
                  "model": undefined,
                  "name": "InputTextarea",
                  "props": {},
                  "setup": [Function],
                },
              },
            ],
            "dynamicProps": null,
            "el": <div>
              <basebutton
                class="rounded-md mb-2 p-1 bg-primary text-onPrimary"
                data-test="submit_comment_button"
                text="Submit"
              />
              <div
                data-test="input_comment_text"
              >
                <input-textarea-stub
                  modelmodifiers="[object Object]"
                  modelvalue=""
                />
              </div>
            </div>,
            "key": null,
            "patchFlag": 0,
            "props": null,
            "ref": null,
            "scopeId": null,
            "shapeFlag": 17,
            "slotScopeIds": null,
            "ssContent": null,
            "ssFallback": null,
            "staticCount": 0,
            "suspense": null,
            "target": null,
            "targetAnchor": null,
            "transition": null,
            "type": "div",
          },
          "suspense": null,
          "suspenseId": 0,
          "type": {
            "__file": "C:/Users/metle/Desktop/Blogg/frontend/components/UI/CommentAdd.vue",
            "__name": "CommentAdd",
            "components": {},
            "emits": [
              "emitComment",
            ],
            "render": [Function],
            "setup": [Function],
          },
          "u": null,
          "uid": 4,
          "um": null,
          "update": [Function],
          "vnode": [Circular],
          "withProxy": null,
        },
        "ctx": [Circular],
        "dirs": null,
        "dynamicChildren": null,
        "dynamicProps": null,
        "el": <div>
          <basebutton
            class="rounded-md mb-2 p-1 bg-primary text-onPrimary"
            data-test="submit_comment_button"
            text="Submit"
          />
          <div
            data-test="input_comment_text"
          >
            <input-textarea-stub
              modelmodifiers="[object Object]"
              modelvalue=""
            />
          </div>
        </div>,
        "key": null,
        "patchFlag": 0,
        "props": {
          "ref": "VTU_COMPONENT",
        },
        "ref": {
          "f": false,
          "i": [Circular],
          "k": undefined,
          "r": "VTU_COMPONENT",
        },
        "scopeId": null,
        "shapeFlag": 36,
        "slotScopeIds": null,
        "ssContent": null,
        "ssFallback": null,
        "staticCount": 0,
        "suspense": null,
        "target": null,
        "targetAnchor": null,
        "transition": null,
        "type": {
          "__file": "C:/Users/metle/Desktop/Blogg/frontend/components/UI/CommentAdd.vue",
          "__name": "CommentAdd",
          "components": {},
          "emits": [
            "emitComment",
          ],
          "render": [Function],
          "setup": [Function],
        },
      },
      "suspense": null,
      "suspenseId": 0,
      "type": {
        "name": "VTU_ROOT",
        "render": [Function],
        "setup": [Function],
      },
      "u": null,
      "uid": 3,
      "um": null,
      "update": [Function],
      "vnode": {
        "__v_isVNode": true,
        "__v_skip": true,
        "anchor": null,
        "appContext": {
          "app": [Circular],
          "components": {
            "InputTextarea": {
              "name": "InputTextarea",
            },
            "transition": {
              "name": "transition",
            },
            "transition-group": {
              "name": "transition-group",
            },
          },
          "config": {
            "compilerOptions": {},
            "errorHandler": undefined,
            "globalProperties": {},
            "isNativeTag": [Function],
            "optionMergeStrategies": {},
            "performance": false,
            "warnHandler": undefined,
          },
          "directives": {},
          "emitsCache": WeakMap {},
          "mixins": [
            {
              "beforeCreate": [Function],
            },
          ],
          "optionsCache": WeakMap {},
          "propsCache": WeakMap {},
          "provides": {},
          "reload": [Function],
        },
        "children": null,
        "component": [Circular],
        "ctx": null,
        "dirs": null,
        "dynamicChildren": null,
        "dynamicProps": null,
        "el": <div>
          <basebutton
            class="rounded-md mb-2 p-1 bg-primary text-onPrimary"
            data-test="submit_comment_button"
            text="Submit"
          />
          <div
            data-test="input_comment_text"
          >
            <input-textarea-stub
              modelmodifiers="[object Object]"
              modelvalue=""
            />
          </div>
        </div>,
        "key": null,
        "patchFlag": 0,
        "props": null,
        "ref": null,
        "scopeId": null,
        "shapeFlag": 4,
        "slotScopeIds": null,
        "ssContent": null,
        "ssFallback": null,
        "staticCount": 0,
        "suspense": null,
        "target": null,
        "targetAnchor": null,
        "transition": null,
        "type": {
          "name": "VTU_ROOT",
          "render": [Function],
          "setup": [Function],
        },
      },
      "withProxy": null,
    },
    "_props": null,
    "_uid": 1,
    "component": [Function],
    "config": {
      "compilerOptions": {},
      "errorHandler": undefined,
      "globalProperties": {},
      "isNativeTag": [Function],
      "optionMergeStrategies": {},
      "performance": false,
      "warnHandler": undefined,
    },
    "directive": [Function],
    "mixin": [Function],
    "mount": [Function],
    "provide": [Function],
    "runWithContext": [Function],
    "unmount": [Function],
    "use": [Function],
    "version": "3.4.3",
  },
  "__setProps": [Function],
  "cleanUpCallbacks": [
    [Function],
    [Function],
    [Function],
    [Function],
    [Function],
    [Function],
    [Function],
    [Function],
    [Function],
    [Function],
    [Function],
    [Function],
    [Function],
    [Function],
    [Function],
    [Function],
    [Function],
    [Function],
    [Function],
    [Function],
    [Function],
    [Function],
    [Function],
    [Function],
    [Function],
    [Function],
    [Function],
    [Function],
    [Function],
    [Function],
    [Function],
    [Function],
    [Function],
    [Function],
    [Function],
    [Function],
    [Function],
    [Function],
    [Function],
    [Function],
    [Function],
    [Function],
    [Function],
    [Function],
    [Function],
    [Function],
    [Function],
    [Function],
    [Function],
    [Function],
    [Function],
    [Function],
    [Function],
    [Function],
    [Function],
    [Function],
    [Function],
    [Function],
    [Function],
    [Function],
    [Function],
    [Function],
    [Function],
    [Function],
    [Function],
    [Function],
    [Function],
    [Function],
    [Function],
    [Function],
    [Function],
    [Function],
    [Function],
    [Function],
    [Function],
    [Function],
    [Function],
    [Function],
    [Function],
    [Function],
    [Function],
    [Function],
    [Function],
    [Function],
    [Function],
    [Function],
    [Function],
    [Function],
    [Function],
    [Function],
    [Function],
    [Function],
    [Function],
    [Function],
    [Function],
    [Function],
    [Function],
    [Function],
    [Function],
    [Function],
    [Function],
    [Function],
    [Function],
    [Function],
    [Function],
    [Function],
    [Function],
    [Function],
    [Function],
    [Function],
    [Function],
    [Function],
    [Function],
    [Function],
    [Function],
    [Function],
    [Function],
    [Function],
    [Function],
    [Function],
    [Function],
    [Function],
    [Function],
    [Function],
    [Function],
    [Function],
    [Function],
    [Function],
    [Function],
    [Function],
    [Function],
    [Function],
    [Function],
    [Function],
    [Function],
    [Function],
    [Function],
    [Function],
    [Function],
    [Function],
    [Function],
    [Function],
    [Function],
    [Function],
    [Function],
    [Function],
    [Function],
    [Function],
    [Function],
    [Function],
    [Function],
    [Function],
    [Function],
    [Function],
    [Function],
    [Function],
    [Function],
    [Function],
    [Function],
    [Function],
    [Function],
    [Function],
    [Function],
    [Function],
    [Function],
    [Function],
    [Function],
    [Function],
    [Function],
    [Function],
    [Function],
    [Function],
  ],
  "componentVM": {},
  "isDisabled": [Function],
  "rootVM": {
    "VTU_COMPONENT": {},
  },
  "wrapperElement": <div>
    <basebutton
      class="rounded-md mb-2 p-1 bg-primary text-onPrimary"
      data-test="submit_comment_button"
      text="Submit"
    />
    <div
      data-test="input_comment_text"
    >
      <input-textarea-stub
        modelmodifiers="[object Object]"
        modelvalue=""
      />
    </div>
  </div>,
}
`;
