// Vitest Snapshot v1, https://vitest.dev/guide/snapshot.html

exports[`Testing the userfullname component that is used inside of the id user page > Should match snapshot 1`] = `"<h2 data-test=\\"user-full-name\\" class=\\"text-4xl leading-[52px] font-medium tracking-[-0.03em]\\">test_first_name test_last_name</h2>"`;
