// Vitest Snapshot v1, https://vitest.dev/guide/snapshot.html

exports[`Testing the comments component that is inside of post id page > Should match snapshot 1`] = `
"<div>
  <h2>Comments written: (0)</h2>
  <div>
    <single-post-comments-list-stub comments=\\"[object Object]\\" postauthor=\\"test_username\\"></single-post-comments-list-stub>
  </div>
  <hr>
  <single-post-comment-add-stub postid=\\"5\\"></single-post-comment-add-stub>
</div>"
`;
