// Vitest Snapshot v1, https://vitest.dev/guide/snapshot.html

exports[`Testing the component "ArticleSavedCard" > Should match snapshot 1`] = `
VueWrapper {
  "__app": {
    "_component": {
      "name": "VTU_ROOT",
      "render": [Function],
      "setup": [Function],
    },
    "_container": <div
      data-v-app=""
    >
      <div
        class="flex pb-8"
      >
        <img
          class="w-14 h-12"
          src="https://picsum.photos/500/300"
        />
        <div
          class="ml-2"
        >
          <span
            class="flex ms-1 font-bold"
          >
            
            <p>
              This is the title slot
            </p>
            
          </span>
          <span
            class="flex"
          >
            <span>
              <svg
                class="fill-onBackground"
                height="24"
                viewBox="0 0 24 24"
                width="24"
                xmlns="http://www.w3.org/2000/svg"
              >
                <path
                  d="M6.93912 14.0327C6.7072 14.6562 6.51032 15.233 6.33421 15.8154C7.29345 15.1188 8.43544 14.6766 9.75193 14.512C12.2652 14.1979 14.4976 12.5384 15.6279 10.4535L14.1721 8.99878L15.5848 7.58407C15.9185 7.24993 16.2521 6.91603 16.5858 6.58237C17.0151 6.15301 17.5 5.35838 18.0129 4.21479C12.4197 5.08172 8.99484 8.50636 6.93912 14.0327ZM17 8.99728L18 9.99658C17 12.9966 14 15.9966 10 16.4966C7.33146 16.8301 5.66421 18.6635 4.99824 21.9966H3C4 15.9966 6 1.99658 21 1.99658C20.0009 4.99392 19.0018 6.99303 18.0027 7.99391C17.6662 8.33038 17.3331 8.66372 17 8.99728Z"
                  fill="black"
                />
              </svg>
            </span>
            <span
              class="flex ms-1"
            >
              
              <h2>
                TheAuthorName
              </h2>
              
            </span>
          </span>
        </div>
      </div>
    </div>,
    "_context": {
      "app": [Circular],
      "components": {
        "transition": {
          "name": "transition",
        },
        "transition-group": {
          "name": "transition-group",
        },
      },
      "config": {
        "compilerOptions": {},
        "errorHandler": undefined,
        "globalProperties": {
          "$pinia": {
            "_a": [Circular],
            "_e": EffectScope {
              "_active": true,
              "cleanups": [],
              "detached": true,
              "effects": [],
              "parent": undefined,
            },
            "_p": [
              [Function],
              [Function],
              [Function],
            ],
            "_s": Map {},
            "_testing": true,
            "app": [Circular],
            "install": [Function],
            "state": RefImpl {
              "__v_isRef": true,
              "__v_isShallow": false,
              "_rawValue": {},
              "_value": {},
              "dep": undefined,
            },
            "use": [Function],
          },
        },
        "isNativeTag": [Function],
        "optionMergeStrategies": {},
        "performance": false,
        "warnHandler": undefined,
      },
      "directives": {},
      "emitsCache": WeakMap {},
      "mixins": [
        {
          "beforeCreate": [Function],
        },
      ],
      "optionsCache": WeakMap {},
      "propsCache": WeakMap {},
      "provides": {
        Symbol(pinia): {
          "_a": [Circular],
          "_e": EffectScope {
            "_active": true,
            "cleanups": [],
            "detached": true,
            "effects": [],
            "parent": undefined,
          },
          "_p": [
            [Function],
            [Function],
            [Function],
          ],
          "_s": Map {},
          "_testing": true,
          "app": [Circular],
          "install": [Function],
          "state": RefImpl {
            "__v_isRef": true,
            "__v_isShallow": false,
            "_rawValue": {},
            "_value": {},
            "dep": undefined,
          },
          "use": [Function],
        },
      },
      "reload": [Function],
    },
    "_instance": {
      "a": null,
      "accessCache": {},
      "appContext": {
        "app": [Circular],
        "components": {
          "transition": {
            "name": "transition",
          },
          "transition-group": {
            "name": "transition-group",
          },
        },
        "config": {
          "compilerOptions": {},
          "errorHandler": undefined,
          "globalProperties": {
            "$pinia": {
              "_a": [Circular],
              "_e": EffectScope {
                "_active": true,
                "cleanups": [],
                "detached": true,
                "effects": [],
                "parent": undefined,
              },
              "_p": [
                [Function],
                [Function],
                [Function],
              ],
              "_s": Map {},
              "_testing": true,
              "app": [Circular],
              "install": [Function],
              "state": RefImpl {
                "__v_isRef": true,
                "__v_isShallow": false,
                "_rawValue": {},
                "_value": {},
                "dep": undefined,
              },
              "use": [Function],
            },
          },
          "isNativeTag": [Function],
          "optionMergeStrategies": {},
          "performance": false,
          "warnHandler": undefined,
        },
        "directives": {},
        "emitsCache": WeakMap {},
        "mixins": [
          {
            "beforeCreate": [Function],
          },
        ],
        "optionsCache": WeakMap {},
        "propsCache": WeakMap {},
        "provides": {
          Symbol(pinia): {
            "_a": [Circular],
            "_e": EffectScope {
              "_active": true,
              "cleanups": [],
              "detached": true,
              "effects": [],
              "parent": undefined,
            },
            "_p": [
              [Function],
              [Function],
              [Function],
            ],
            "_s": Map {},
            "_testing": true,
            "app": [Circular],
            "install": [Function],
            "state": RefImpl {
              "__v_isRef": true,
              "__v_isShallow": false,
              "_rawValue": {},
              "_value": {},
              "dep": undefined,
            },
            "use": [Function],
          },
        },
        "reload": [Function],
      },
      "asyncDep": null,
      "asyncResolved": false,
      "attrs": {},
      "attrsProxy": null,
      "bc": null,
      "bm": null,
      "bu": null,
      "bum": null,
      "c": null,
      "components": null,
      "ctx": {
        "VTU_COMPONENT": {},
      },
      "da": null,
      "data": {},
      "devtoolsRawSetupState": {
        "VTU_COMPONENT": RefImpl {
          "__v_isRef": true,
          "__v_isShallow": false,
          "_rawValue": {},
          "_value": {},
          "dep": undefined,
        },
      },
      "directives": null,
      "ec": null,
      "effect": ReactiveEffect {
        "active": true,
        "allowRecurse": true,
        "deps": [
          Set {
            [Circular],
          },
          Set {
            [Circular],
          },
          Set {
            [Circular],
          },
        ],
        "fn": [Function],
        "onTrack": undefined,
        "onTrigger": undefined,
        "parent": undefined,
        "scheduler": [Function],
      },
      "emit": [Function],
      "emitsOptions": null,
      "emitted": null,
      "exposeProxy": null,
      "exposed": null,
      "inheritAttrs": undefined,
      "isDeactivated": false,
      "isMounted": true,
      "isUnmounted": false,
      "m": null,
      "next": null,
      "parent": null,
      "props": {},
      "propsDefaults": {},
      "propsOptions": [
        {},
        [],
      ],
      "provides": {},
      "proxy": {
        "VTU_COMPONENT": {},
      },
      "refs": {
        "VTU_COMPONENT": {},
      },
      "render": [Function],
      "renderCache": [],
      "root": [Circular],
      "rtc": null,
      "rtg": null,
      "scope": EffectScope {
        "_active": true,
        "cleanups": [],
        "detached": true,
        "effects": [
          ReactiveEffect {
            "active": true,
            "allowRecurse": true,
            "deps": [
              Set {
                [Circular],
              },
              Set {
                [Circular],
              },
              Set {
                [Circular],
              },
            ],
            "fn": [Function],
            "onTrack": undefined,
            "onTrigger": undefined,
            "parent": undefined,
            "scheduler": [Function],
          },
        ],
        "parent": undefined,
      },
      "setupContext": null,
      "setupState": {
        "VTU_COMPONENT": {},
      },
      "slots": {},
      "slotsProxy": null,
      "sp": null,
      "subTree": {
        "__v_isVNode": true,
        "__v_skip": true,
        "anchor": null,
        "appContext": null,
        "children": {
          "_ctx": [Circular],
          "author": [Function],
          "title": [Function],
        },
        "component": {
          "a": null,
          "accessCache": {},
          "appContext": {
            "app": [Circular],
            "components": {
              "transition": {
                "name": "transition",
              },
              "transition-group": {
                "name": "transition-group",
              },
            },
            "config": {
              "compilerOptions": {},
              "errorHandler": undefined,
              "globalProperties": {
                "$pinia": {
                  "_a": [Circular],
                  "_e": EffectScope {
                    "_active": true,
                    "cleanups": [],
                    "detached": true,
                    "effects": [],
                    "parent": undefined,
                  },
                  "_p": [
                    [Function],
                    [Function],
                    [Function],
                  ],
                  "_s": Map {},
                  "_testing": true,
                  "app": [Circular],
                  "install": [Function],
                  "state": RefImpl {
                    "__v_isRef": true,
                    "__v_isShallow": false,
                    "_rawValue": {},
                    "_value": {},
                    "dep": undefined,
                  },
                  "use": [Function],
                },
              },
              "isNativeTag": [Function],
              "optionMergeStrategies": {},
              "performance": false,
              "warnHandler": undefined,
            },
            "directives": {},
            "emitsCache": WeakMap {},
            "mixins": [
              {
                "beforeCreate": [Function],
              },
            ],
            "optionsCache": WeakMap {},
            "propsCache": WeakMap {},
            "provides": {
              Symbol(pinia): {
                "_a": [Circular],
                "_e": EffectScope {
                  "_active": true,
                  "cleanups": [],
                  "detached": true,
                  "effects": [],
                  "parent": undefined,
                },
                "_p": [
                  [Function],
                  [Function],
                  [Function],
                ],
                "_s": Map {},
                "_testing": true,
                "app": [Circular],
                "install": [Function],
                "state": RefImpl {
                  "__v_isRef": true,
                  "__v_isShallow": false,
                  "_rawValue": {},
                  "_value": {},
                  "dep": undefined,
                },
                "use": [Function],
              },
            },
            "reload": [Function],
          },
          "asyncDep": null,
          "asyncResolved": false,
          "attrs": {},
          "attrsProxy": null,
          "bc": null,
          "bm": null,
          "bu": null,
          "bum": null,
          "c": null,
          "components": {},
          "ctx": {},
          "da": null,
          "data": {},
          "devtoolsRawSetupState": {
            "article_image": "https://picsum.photos/500/300",
          },
          "directives": null,
          "ec": null,
          "effect": ReactiveEffect {
            "active": true,
            "allowRecurse": true,
            "deps": [
              Set {
                [Circular],
              },
            ],
            "fn": [Function],
            "onTrack": undefined,
            "onTrigger": undefined,
            "parent": undefined,
            "scheduler": [Function],
          },
          "emit": [Function],
          "emitsOptions": null,
          "emitted": null,
          "exposeProxy": {},
          "exposed": {},
          "inheritAttrs": undefined,
          "isDeactivated": false,
          "isMounted": true,
          "isUnmounted": false,
          "m": null,
          "next": null,
          "parent": [Circular],
          "props": {},
          "propsDefaults": {},
          "propsOptions": [
            {},
            [],
          ],
          "provides": {},
          "proxy": {},
          "refs": {},
          "render": [Function],
          "renderCache": [],
          "root": [Circular],
          "rtc": null,
          "rtg": null,
          "scope": EffectScope {
            "_active": true,
            "cleanups": [],
            "detached": true,
            "effects": [
              ReactiveEffect {
                "active": true,
                "allowRecurse": true,
                "deps": [
                  Set {
                    [Circular],
                  },
                ],
                "fn": [Function],
                "onTrack": undefined,
                "onTrigger": undefined,
                "parent": undefined,
                "scheduler": [Function],
              },
            ],
            "parent": undefined,
          },
          "setupContext": {
            "attrs": {},
            "emit": [Function],
            "expose": [Function],
            "slots": {
              "author": [Function],
              "title": [Function],
            },
          },
          "setupState": {
            "article_image": "https://picsum.photos/500/300",
          },
          "slots": {
            "author": [Function],
            "title": [Function],
          },
          "slotsProxy": {
            "author": [Function],
            "title": [Function],
          },
          "sp": null,
          "subTree": {
            "__v_isVNode": true,
            "__v_skip": true,
            "anchor": null,
            "appContext": null,
            "children": [
              {
                "__v_isVNode": true,
                "__v_skip": true,
                "anchor": null,
                "appContext": null,
                "children": null,
                "component": null,
                "ctx": [Circular],
                "dirs": null,
                "dynamicChildren": null,
                "dynamicProps": null,
                "el": <img
                  class="w-14 h-12"
                  src="https://picsum.photos/500/300"
                />,
                "key": null,
                "patchFlag": 0,
                "props": {
                  "class": "w-14 h-12",
                  "src": "https://picsum.photos/500/300",
                },
                "ref": null,
                "scopeId": null,
                "shapeFlag": 1,
                "slotScopeIds": null,
                "ssContent": null,
                "ssFallback": null,
                "staticCount": 0,
                "suspense": null,
                "target": null,
                "targetAnchor": null,
                "transition": null,
                "type": "img",
              },
              {
                "__v_isVNode": true,
                "__v_skip": true,
                "anchor": null,
                "appContext": null,
                "children": [
                  {
                    "__v_isVNode": true,
                    "__v_skip": true,
                    "anchor": null,
                    "appContext": null,
                    "children": [
                      {
                        "__v_isVNode": true,
                        "__v_skip": true,
                        "anchor": ,
                        "appContext": null,
                        "children": [
                          {
                            "__v_isVNode": true,
                            "__v_skip": true,
                            "anchor": null,
                            "appContext": null,
                            "children": "This is the title slot",
                            "component": null,
                            "ctx": [Circular],
                            "dirs": null,
                            "dynamicChildren": null,
                            "dynamicProps": null,
                            "el": <p>
                              This is the title slot
                            </p>,
                            "key": null,
                            "patchFlag": 0,
                            "props": null,
                            "ref": null,
                            "scopeId": null,
                            "shapeFlag": 9,
                            "slotScopeIds": null,
                            "ssContent": null,
                            "ssFallback": null,
                            "staticCount": 0,
                            "suspense": null,
                            "target": null,
                            "targetAnchor": null,
                            "transition": null,
                            "type": "p",
                          },
                        ],
                        "component": null,
                        "ctx": [Circular],
                        "dirs": null,
                        "dynamicChildren": null,
                        "dynamicProps": null,
                        "el": ,
                        "key": "_title",
                        "patchFlag": -2,
                        "props": {
                          "key": "_title",
                        },
                        "ref": null,
                        "scopeId": null,
                        "shapeFlag": 16,
                        "slotScopeIds": null,
                        "ssContent": null,
                        "ssFallback": null,
                        "staticCount": 0,
                        "suspense": null,
                        "target": null,
                        "targetAnchor": null,
                        "transition": null,
                        "type": Symbol(v-fgt),
                      },
                    ],
                    "component": null,
                    "ctx": [Circular],
                    "dirs": null,
                    "dynamicChildren": null,
                    "dynamicProps": null,
                    "el": <span
                      class="flex ms-1 font-bold"
                    >
                      
                      <p>
                        This is the title slot
                      </p>
                      
                    </span>,
                    "key": null,
                    "patchFlag": 0,
                    "props": {
                      "class": "flex ms-1 font-bold",
                    },
                    "ref": null,
                    "scopeId": null,
                    "shapeFlag": 17,
                    "slotScopeIds": null,
                    "ssContent": null,
                    "ssFallback": null,
                    "staticCount": 0,
                    "suspense": null,
                    "target": null,
                    "targetAnchor": null,
                    "transition": null,
                    "type": "span",
                  },
                  {
                    "__v_isVNode": true,
                    "__v_skip": true,
                    "anchor": null,
                    "appContext": null,
                    "children": [
                      {
                        "__v_isVNode": true,
                        "__v_skip": true,
                        "anchor": null,
                        "appContext": null,
                        "ce": undefined,
                        "children": [
                          {
                            "__v_isVNode": true,
                            "__v_skip": true,
                            "anchor": null,
                            "appContext": null,
                            "ce": undefined,
                            "children": [
                              {
                                "__v_isVNode": true,
                                "__v_skip": true,
                                "anchor": null,
                                "appContext": null,
                                "ce": undefined,
                                "children": null,
                                "component": null,
                                "ctx": null,
                                "dirs": null,
                                "dynamicChildren": null,
                                "dynamicProps": null,
                                "el": <path
                                  d="M6.93912 14.0327C6.7072 14.6562 6.51032 15.233 6.33421 15.8154C7.29345 15.1188 8.43544 14.6766 9.75193 14.512C12.2652 14.1979 14.4976 12.5384 15.6279 10.4535L14.1721 8.99878L15.5848 7.58407C15.9185 7.24993 16.2521 6.91603 16.5858 6.58237C17.0151 6.15301 17.5 5.35838 18.0129 4.21479C12.4197 5.08172 8.99484 8.50636 6.93912 14.0327ZM17 8.99728L18 9.99658C17 12.9966 14 15.9966 10 16.4966C7.33146 16.8301 5.66421 18.6635 4.99824 21.9966H3C4 15.9966 6 1.99658 21 1.99658C20.0009 4.99392 19.0018 6.99303 18.0027 7.99391C17.6662 8.33038 17.3331 8.66372 17 8.99728Z"
                                  fill="black"
                                />,
                                "key": null,
                                "patchFlag": 0,
                                "props": {
                                  "d": "M6.93912 14.0327C6.7072 14.6562 6.51032 15.233 6.33421 15.8154C7.29345 15.1188 8.43544 14.6766 9.75193 14.512C12.2652 14.1979 14.4976 12.5384 15.6279 10.4535L14.1721 8.99878L15.5848 7.58407C15.9185 7.24993 16.2521 6.91603 16.5858 6.58237C17.0151 6.15301 17.5 5.35838 18.0129 4.21479C12.4197 5.08172 8.99484 8.50636 6.93912 14.0327ZM17 8.99728L18 9.99658C17 12.9966 14 15.9966 10 16.4966C7.33146 16.8301 5.66421 18.6635 4.99824 21.9966H3C4 15.9966 6 1.99658 21 1.99658C20.0009 4.99392 19.0018 6.99303 18.0027 7.99391C17.6662 8.33038 17.3331 8.66372 17 8.99728Z",
                                  "fill": "black",
                                },
                                "ref": null,
                                "scopeId": null,
                                "shapeFlag": 1,
                                "slotScopeIds": null,
                                "ssContent": null,
                                "ssFallback": null,
                                "staticCount": 0,
                                "suspense": null,
                                "target": null,
                                "targetAnchor": null,
                                "transition": null,
                                "type": "path",
                              },
                            ],
                            "component": null,
                            "ctx": null,
                            "dirs": null,
                            "dynamicChildren": null,
                            "dynamicProps": null,
                            "el": <svg
                              class="fill-onBackground"
                              height="24"
                              viewBox="0 0 24 24"
                              width="24"
                              xmlns="http://www.w3.org/2000/svg"
                            >
                              <path
                                d="M6.93912 14.0327C6.7072 14.6562 6.51032 15.233 6.33421 15.8154C7.29345 15.1188 8.43544 14.6766 9.75193 14.512C12.2652 14.1979 14.4976 12.5384 15.6279 10.4535L14.1721 8.99878L15.5848 7.58407C15.9185 7.24993 16.2521 6.91603 16.5858 6.58237C17.0151 6.15301 17.5 5.35838 18.0129 4.21479C12.4197 5.08172 8.99484 8.50636 6.93912 14.0327ZM17 8.99728L18 9.99658C17 12.9966 14 15.9966 10 16.4966C7.33146 16.8301 5.66421 18.6635 4.99824 21.9966H3C4 15.9966 6 1.99658 21 1.99658C20.0009 4.99392 19.0018 6.99303 18.0027 7.99391C17.6662 8.33038 17.3331 8.66372 17 8.99728Z"
                                fill="black"
                              />
                            </svg>,
                            "key": null,
                            "patchFlag": 0,
                            "props": {
                              "class": "fill-onBackground",
                              "height": "24",
                              "viewBox": "0 0 24 24",
                              "width": "24",
                              "xmlns": "http://www.w3.org/2000/svg",
                            },
                            "ref": null,
                            "scopeId": null,
                            "shapeFlag": 17,
                            "slotScopeIds": null,
                            "ssContent": null,
                            "ssFallback": null,
                            "staticCount": 0,
                            "suspense": null,
                            "target": null,
                            "targetAnchor": null,
                            "transition": null,
                            "type": "svg",
                          },
                        ],
                        "component": null,
                        "ctx": null,
                        "dirs": null,
                        "dynamicChildren": null,
                        "dynamicProps": null,
                        "el": <span>
                          <svg
                            class="fill-onBackground"
                            height="24"
                            viewBox="0 0 24 24"
                            width="24"
                            xmlns="http://www.w3.org/2000/svg"
                          >
                            <path
                              d="M6.93912 14.0327C6.7072 14.6562 6.51032 15.233 6.33421 15.8154C7.29345 15.1188 8.43544 14.6766 9.75193 14.512C12.2652 14.1979 14.4976 12.5384 15.6279 10.4535L14.1721 8.99878L15.5848 7.58407C15.9185 7.24993 16.2521 6.91603 16.5858 6.58237C17.0151 6.15301 17.5 5.35838 18.0129 4.21479C12.4197 5.08172 8.99484 8.50636 6.93912 14.0327ZM17 8.99728L18 9.99658C17 12.9966 14 15.9966 10 16.4966C7.33146 16.8301 5.66421 18.6635 4.99824 21.9966H3C4 15.9966 6 1.99658 21 1.99658C20.0009 4.99392 19.0018 6.99303 18.0027 7.99391C17.6662 8.33038 17.3331 8.66372 17 8.99728Z"
                              fill="black"
                            />
                          </svg>
                        </span>,
                        "key": null,
                        "patchFlag": -1,
                        "props": null,
                        "ref": null,
                        "scopeId": null,
                        "shapeFlag": 17,
                        "slotScopeIds": null,
                        "ssContent": null,
                        "ssFallback": null,
                        "staticCount": 0,
                        "suspense": null,
                        "target": null,
                        "targetAnchor": null,
                        "transition": null,
                        "type": "span",
                      },
                      {
                        "__v_isVNode": true,
                        "__v_skip": true,
                        "anchor": null,
                        "appContext": null,
                        "children": [
                          {
                            "__v_isVNode": true,
                            "__v_skip": true,
                            "anchor": ,
                            "appContext": null,
                            "children": [
                              {
                                "__v_isVNode": true,
                                "__v_skip": true,
                                "anchor": null,
                                "appContext": null,
                                "children": "TheAuthorName",
                                "component": null,
                                "ctx": [Circular],
                                "dirs": null,
                                "dynamicChildren": null,
                                "dynamicProps": null,
                                "el": <h2>
                                  TheAuthorName
                                </h2>,
                                "key": null,
                                "patchFlag": 0,
                                "props": null,
                                "ref": null,
                                "scopeId": null,
                                "shapeFlag": 9,
                                "slotScopeIds": null,
                                "ssContent": null,
                                "ssFallback": null,
                                "staticCount": 0,
                                "suspense": null,
                                "target": null,
                                "targetAnchor": null,
                                "transition": null,
                                "type": "h2",
                              },
                            ],
                            "component": null,
                            "ctx": [Circular],
                            "dirs": null,
                            "dynamicChildren": null,
                            "dynamicProps": null,
                            "el": ,
                            "key": "_author",
                            "patchFlag": -2,
                            "props": {
                              "key": "_author",
                            },
                            "ref": null,
                            "scopeId": null,
                            "shapeFlag": 16,
                            "slotScopeIds": null,
                            "ssContent": null,
                            "ssFallback": null,
                            "staticCount": 0,
                            "suspense": null,
                            "target": null,
                            "targetAnchor": null,
                            "transition": null,
                            "type": Symbol(v-fgt),
                          },
                        ],
                        "component": null,
                        "ctx": [Circular],
                        "dirs": null,
                        "dynamicChildren": null,
                        "dynamicProps": null,
                        "el": <span
                          class="flex ms-1"
                        >
                          
                          <h2>
                            TheAuthorName
                          </h2>
                          
                        </span>,
                        "key": null,
                        "patchFlag": 0,
                        "props": {
                          "class": "flex ms-1",
                        },
                        "ref": null,
                        "scopeId": null,
                        "shapeFlag": 17,
                        "slotScopeIds": null,
                        "ssContent": null,
                        "ssFallback": null,
                        "staticCount": 0,
                        "suspense": null,
                        "target": null,
                        "targetAnchor": null,
                        "transition": null,
                        "type": "span",
                      },
                    ],
                    "component": null,
                    "ctx": [Circular],
                    "dirs": null,
                    "dynamicChildren": null,
                    "dynamicProps": null,
                    "el": <span
                      class="flex"
                    >
                      <span>
                        <svg
                          class="fill-onBackground"
                          height="24"
                          viewBox="0 0 24 24"
                          width="24"
                          xmlns="http://www.w3.org/2000/svg"
                        >
                          <path
                            d="M6.93912 14.0327C6.7072 14.6562 6.51032 15.233 6.33421 15.8154C7.29345 15.1188 8.43544 14.6766 9.75193 14.512C12.2652 14.1979 14.4976 12.5384 15.6279 10.4535L14.1721 8.99878L15.5848 7.58407C15.9185 7.24993 16.2521 6.91603 16.5858 6.58237C17.0151 6.15301 17.5 5.35838 18.0129 4.21479C12.4197 5.08172 8.99484 8.50636 6.93912 14.0327ZM17 8.99728L18 9.99658C17 12.9966 14 15.9966 10 16.4966C7.33146 16.8301 5.66421 18.6635 4.99824 21.9966H3C4 15.9966 6 1.99658 21 1.99658C20.0009 4.99392 19.0018 6.99303 18.0027 7.99391C17.6662 8.33038 17.3331 8.66372 17 8.99728Z"
                            fill="black"
                          />
                        </svg>
                      </span>
                      <span
                        class="flex ms-1"
                      >
                        
                        <h2>
                          TheAuthorName
                        </h2>
                        
                      </span>
                    </span>,
                    "key": null,
                    "patchFlag": 0,
                    "props": {
                      "class": "flex",
                    },
                    "ref": null,
                    "scopeId": null,
                    "shapeFlag": 17,
                    "slotScopeIds": null,
                    "ssContent": null,
                    "ssFallback": null,
                    "staticCount": 0,
                    "suspense": null,
                    "target": null,
                    "targetAnchor": null,
                    "transition": null,
                    "type": "span",
                  },
                ],
                "component": null,
                "ctx": [Circular],
                "dirs": null,
                "dynamicChildren": null,
                "dynamicProps": null,
                "el": <div
                  class="ml-2"
                >
                  <span
                    class="flex ms-1 font-bold"
                  >
                    
                    <p>
                      This is the title slot
                    </p>
                    
                  </span>
                  <span
                    class="flex"
                  >
                    <span>
                      <svg
                        class="fill-onBackground"
                        height="24"
                        viewBox="0 0 24 24"
                        width="24"
                        xmlns="http://www.w3.org/2000/svg"
                      >
                        <path
                          d="M6.93912 14.0327C6.7072 14.6562 6.51032 15.233 6.33421 15.8154C7.29345 15.1188 8.43544 14.6766 9.75193 14.512C12.2652 14.1979 14.4976 12.5384 15.6279 10.4535L14.1721 8.99878L15.5848 7.58407C15.9185 7.24993 16.2521 6.91603 16.5858 6.58237C17.0151 6.15301 17.5 5.35838 18.0129 4.21479C12.4197 5.08172 8.99484 8.50636 6.93912 14.0327ZM17 8.99728L18 9.99658C17 12.9966 14 15.9966 10 16.4966C7.33146 16.8301 5.66421 18.6635 4.99824 21.9966H3C4 15.9966 6 1.99658 21 1.99658C20.0009 4.99392 19.0018 6.99303 18.0027 7.99391C17.6662 8.33038 17.3331 8.66372 17 8.99728Z"
                          fill="black"
                        />
                      </svg>
                    </span>
                    <span
                      class="flex ms-1"
                    >
                      
                      <h2>
                        TheAuthorName
                      </h2>
                      
                    </span>
                  </span>
                </div>,
                "key": null,
                "patchFlag": 0,
                "props": {
                  "class": "ml-2",
                },
                "ref": null,
                "scopeId": null,
                "shapeFlag": 17,
                "slotScopeIds": null,
                "ssContent": null,
                "ssFallback": null,
                "staticCount": 0,
                "suspense": null,
                "target": null,
                "targetAnchor": null,
                "transition": null,
                "type": "div",
              },
            ],
            "component": null,
            "ctx": [Circular],
            "dirs": null,
            "dynamicChildren": [
              {
                "__v_isVNode": true,
                "__v_skip": true,
                "anchor": ,
                "appContext": null,
                "children": [
                  {
                    "__v_isVNode": true,
                    "__v_skip": true,
                    "anchor": null,
                    "appContext": null,
                    "children": "This is the title slot",
                    "component": null,
                    "ctx": [Circular],
                    "dirs": null,
                    "dynamicChildren": null,
                    "dynamicProps": null,
                    "el": <p>
                      This is the title slot
                    </p>,
                    "key": null,
                    "patchFlag": 0,
                    "props": null,
                    "ref": null,
                    "scopeId": null,
                    "shapeFlag": 9,
                    "slotScopeIds": null,
                    "ssContent": null,
                    "ssFallback": null,
                    "staticCount": 0,
                    "suspense": null,
                    "target": null,
                    "targetAnchor": null,
                    "transition": null,
                    "type": "p",
                  },
                ],
                "component": null,
                "ctx": [Circular],
                "dirs": null,
                "dynamicChildren": null,
                "dynamicProps": null,
                "el": ,
                "key": "_title",
                "patchFlag": -2,
                "props": {
                  "key": "_title",
                },
                "ref": null,
                "scopeId": null,
                "shapeFlag": 16,
                "slotScopeIds": null,
                "ssContent": null,
                "ssFallback": null,
                "staticCount": 0,
                "suspense": null,
                "target": null,
                "targetAnchor": null,
                "transition": null,
                "type": Symbol(v-fgt),
              },
              {
                "__v_isVNode": true,
                "__v_skip": true,
                "anchor": ,
                "appContext": null,
                "children": [
                  {
                    "__v_isVNode": true,
                    "__v_skip": true,
                    "anchor": null,
                    "appContext": null,
                    "children": "TheAuthorName",
                    "component": null,
                    "ctx": [Circular],
                    "dirs": null,
                    "dynamicChildren": null,
                    "dynamicProps": null,
                    "el": <h2>
                      TheAuthorName
                    </h2>,
                    "key": null,
                    "patchFlag": 0,
                    "props": null,
                    "ref": null,
                    "scopeId": null,
                    "shapeFlag": 9,
                    "slotScopeIds": null,
                    "ssContent": null,
                    "ssFallback": null,
                    "staticCount": 0,
                    "suspense": null,
                    "target": null,
                    "targetAnchor": null,
                    "transition": null,
                    "type": "h2",
                  },
                ],
                "component": null,
                "ctx": [Circular],
                "dirs": null,
                "dynamicChildren": null,
                "dynamicProps": null,
                "el": ,
                "key": "_author",
                "patchFlag": -2,
                "props": {
                  "key": "_author",
                },
                "ref": null,
                "scopeId": null,
                "shapeFlag": 16,
                "slotScopeIds": null,
                "ssContent": null,
                "ssFallback": null,
                "staticCount": 0,
                "suspense": null,
                "target": null,
                "targetAnchor": null,
                "transition": null,
                "type": Symbol(v-fgt),
              },
            ],
            "dynamicProps": null,
            "el": <div
              class="flex pb-8"
            >
              <img
                class="w-14 h-12"
                src="https://picsum.photos/500/300"
              />
              <div
                class="ml-2"
              >
                <span
                  class="flex ms-1 font-bold"
                >
                  
                  <p>
                    This is the title slot
                  </p>
                  
                </span>
                <span
                  class="flex"
                >
                  <span>
                    <svg
                      class="fill-onBackground"
                      height="24"
                      viewBox="0 0 24 24"
                      width="24"
                      xmlns="http://www.w3.org/2000/svg"
                    >
                      <path
                        d="M6.93912 14.0327C6.7072 14.6562 6.51032 15.233 6.33421 15.8154C7.29345 15.1188 8.43544 14.6766 9.75193 14.512C12.2652 14.1979 14.4976 12.5384 15.6279 10.4535L14.1721 8.99878L15.5848 7.58407C15.9185 7.24993 16.2521 6.91603 16.5858 6.58237C17.0151 6.15301 17.5 5.35838 18.0129 4.21479C12.4197 5.08172 8.99484 8.50636 6.93912 14.0327ZM17 8.99728L18 9.99658C17 12.9966 14 15.9966 10 16.4966C7.33146 16.8301 5.66421 18.6635 4.99824 21.9966H3C4 15.9966 6 1.99658 21 1.99658C20.0009 4.99392 19.0018 6.99303 18.0027 7.99391C17.6662 8.33038 17.3331 8.66372 17 8.99728Z"
                        fill="black"
                      />
                    </svg>
                  </span>
                  <span
                    class="flex ms-1"
                  >
                    
                    <h2>
                      TheAuthorName
                    </h2>
                    
                  </span>
                </span>
              </div>
            </div>,
            "key": null,
            "patchFlag": 0,
            "props": {
              "class": "flex pb-8",
            },
            "ref": null,
            "scopeId": null,
            "shapeFlag": 17,
            "slotScopeIds": null,
            "ssContent": null,
            "ssFallback": null,
            "staticCount": 0,
            "suspense": null,
            "target": null,
            "targetAnchor": null,
            "transition": null,
            "type": "div",
          },
          "suspense": null,
          "suspenseId": 0,
          "type": {
            "__file": "C:/Users/metle/Desktop/Blogg/frontend/components/modules/MyUser/ArticleSavedCard.vue",
            "__name": "ArticleSavedCard",
            "components": {},
            "render": [Function],
            "setup": [Function],
          },
          "u": null,
          "uid": 7,
          "um": null,
          "update": [Function],
          "vnode": [Circular],
          "withProxy": null,
        },
        "ctx": [Circular],
        "dirs": null,
        "dynamicChildren": null,
        "dynamicProps": null,
        "el": <div
          class="flex pb-8"
        >
          <img
            class="w-14 h-12"
            src="https://picsum.photos/500/300"
          />
          <div
            class="ml-2"
          >
            <span
              class="flex ms-1 font-bold"
            >
              
              <p>
                This is the title slot
              </p>
              
            </span>
            <span
              class="flex"
            >
              <span>
                <svg
                  class="fill-onBackground"
                  height="24"
                  viewBox="0 0 24 24"
                  width="24"
                  xmlns="http://www.w3.org/2000/svg"
                >
                  <path
                    d="M6.93912 14.0327C6.7072 14.6562 6.51032 15.233 6.33421 15.8154C7.29345 15.1188 8.43544 14.6766 9.75193 14.512C12.2652 14.1979 14.4976 12.5384 15.6279 10.4535L14.1721 8.99878L15.5848 7.58407C15.9185 7.24993 16.2521 6.91603 16.5858 6.58237C17.0151 6.15301 17.5 5.35838 18.0129 4.21479C12.4197 5.08172 8.99484 8.50636 6.93912 14.0327ZM17 8.99728L18 9.99658C17 12.9966 14 15.9966 10 16.4966C7.33146 16.8301 5.66421 18.6635 4.99824 21.9966H3C4 15.9966 6 1.99658 21 1.99658C20.0009 4.99392 19.0018 6.99303 18.0027 7.99391C17.6662 8.33038 17.3331 8.66372 17 8.99728Z"
                    fill="black"
                  />
                </svg>
              </span>
              <span
                class="flex ms-1"
              >
                
                <h2>
                  TheAuthorName
                </h2>
                
              </span>
            </span>
          </div>
        </div>,
        "key": null,
        "patchFlag": 0,
        "props": {
          "ref": "VTU_COMPONENT",
        },
        "ref": {
          "f": false,
          "i": [Circular],
          "k": undefined,
          "r": "VTU_COMPONENT",
        },
        "scopeId": null,
        "shapeFlag": 36,
        "slotScopeIds": null,
        "ssContent": null,
        "ssFallback": null,
        "staticCount": 0,
        "suspense": null,
        "target": null,
        "targetAnchor": null,
        "transition": null,
        "type": {
          "__file": "C:/Users/metle/Desktop/Blogg/frontend/components/modules/MyUser/ArticleSavedCard.vue",
          "__name": "ArticleSavedCard",
          "components": {},
          "render": [Function],
          "setup": [Function],
        },
      },
      "suspense": null,
      "suspenseId": 0,
      "type": {
        "name": "VTU_ROOT",
        "render": [Function],
        "setup": [Function],
      },
      "u": null,
      "uid": 6,
      "um": null,
      "update": [Function],
      "vnode": {
        "__v_isVNode": true,
        "__v_skip": true,
        "anchor": null,
        "appContext": {
          "app": [Circular],
          "components": {
            "transition": {
              "name": "transition",
            },
            "transition-group": {
              "name": "transition-group",
            },
          },
          "config": {
            "compilerOptions": {},
            "errorHandler": undefined,
            "globalProperties": {
              "$pinia": {
                "_a": [Circular],
                "_e": EffectScope {
                  "_active": true,
                  "cleanups": [],
                  "detached": true,
                  "effects": [],
                  "parent": undefined,
                },
                "_p": [
                  [Function],
                  [Function],
                  [Function],
                ],
                "_s": Map {},
                "_testing": true,
                "app": [Circular],
                "install": [Function],
                "state": RefImpl {
                  "__v_isRef": true,
                  "__v_isShallow": false,
                  "_rawValue": {},
                  "_value": {},
                  "dep": undefined,
                },
                "use": [Function],
              },
            },
            "isNativeTag": [Function],
            "optionMergeStrategies": {},
            "performance": false,
            "warnHandler": undefined,
          },
          "directives": {},
          "emitsCache": WeakMap {},
          "mixins": [
            {
              "beforeCreate": [Function],
            },
          ],
          "optionsCache": WeakMap {},
          "propsCache": WeakMap {},
          "provides": {
            Symbol(pinia): {
              "_a": [Circular],
              "_e": EffectScope {
                "_active": true,
                "cleanups": [],
                "detached": true,
                "effects": [],
                "parent": undefined,
              },
              "_p": [
                [Function],
                [Function],
                [Function],
              ],
              "_s": Map {},
              "_testing": true,
              "app": [Circular],
              "install": [Function],
              "state": RefImpl {
                "__v_isRef": true,
                "__v_isShallow": false,
                "_rawValue": {},
                "_value": {},
                "dep": undefined,
              },
              "use": [Function],
            },
          },
          "reload": [Function],
        },
        "children": null,
        "component": [Circular],
        "ctx": null,
        "dirs": null,
        "dynamicChildren": null,
        "dynamicProps": null,
        "el": <div
          class="flex pb-8"
        >
          <img
            class="w-14 h-12"
            src="https://picsum.photos/500/300"
          />
          <div
            class="ml-2"
          >
            <span
              class="flex ms-1 font-bold"
            >
              
              <p>
                This is the title slot
              </p>
              
            </span>
            <span
              class="flex"
            >
              <span>
                <svg
                  class="fill-onBackground"
                  height="24"
                  viewBox="0 0 24 24"
                  width="24"
                  xmlns="http://www.w3.org/2000/svg"
                >
                  <path
                    d="M6.93912 14.0327C6.7072 14.6562 6.51032 15.233 6.33421 15.8154C7.29345 15.1188 8.43544 14.6766 9.75193 14.512C12.2652 14.1979 14.4976 12.5384 15.6279 10.4535L14.1721 8.99878L15.5848 7.58407C15.9185 7.24993 16.2521 6.91603 16.5858 6.58237C17.0151 6.15301 17.5 5.35838 18.0129 4.21479C12.4197 5.08172 8.99484 8.50636 6.93912 14.0327ZM17 8.99728L18 9.99658C17 12.9966 14 15.9966 10 16.4966C7.33146 16.8301 5.66421 18.6635 4.99824 21.9966H3C4 15.9966 6 1.99658 21 1.99658C20.0009 4.99392 19.0018 6.99303 18.0027 7.99391C17.6662 8.33038 17.3331 8.66372 17 8.99728Z"
                    fill="black"
                  />
                </svg>
              </span>
              <span
                class="flex ms-1"
              >
                
                <h2>
                  TheAuthorName
                </h2>
                
              </span>
            </span>
          </div>
        </div>,
        "key": null,
        "patchFlag": 0,
        "props": null,
        "ref": null,
        "scopeId": null,
        "shapeFlag": 4,
        "slotScopeIds": null,
        "ssContent": null,
        "ssFallback": null,
        "staticCount": 0,
        "suspense": null,
        "target": null,
        "targetAnchor": null,
        "transition": null,
        "type": {
          "name": "VTU_ROOT",
          "render": [Function],
          "setup": [Function],
        },
      },
      "withProxy": null,
    },
    "_props": null,
    "_uid": 3,
    "component": [Function],
    "config": {
      "compilerOptions": {},
      "errorHandler": undefined,
      "globalProperties": {
        "$pinia": {
          "_a": [Circular],
          "_e": EffectScope {
            "_active": true,
            "cleanups": [],
            "detached": true,
            "effects": [],
            "parent": undefined,
          },
          "_p": [
            [Function],
            [Function],
            [Function],
          ],
          "_s": Map {},
          "_testing": true,
          "app": [Circular],
          "install": [Function],
          "state": RefImpl {
            "__v_isRef": true,
            "__v_isShallow": false,
            "_rawValue": {},
            "_value": {},
            "dep": undefined,
          },
          "use": [Function],
        },
      },
      "isNativeTag": [Function],
      "optionMergeStrategies": {},
      "performance": false,
      "warnHandler": undefined,
    },
    "directive": [Function],
    "mixin": [Function],
    "mount": [Function],
    "provide": [Function],
    "runWithContext": [Function],
    "unmount": [Function],
    "use": [Function],
    "version": "3.3.7",
  },
  "__setProps": [Function],
  "cleanUpCallbacks": [
    [Function],
    [Function],
    [Function],
    [Function],
    [Function],
    [Function],
    [Function],
    [Function],
    [Function],
    [Function],
    [Function],
    [Function],
    [Function],
    [Function],
    [Function],
    [Function],
    [Function],
    [Function],
    [Function],
    [Function],
    [Function],
    [Function],
    [Function],
    [Function],
    [Function],
    [Function],
    [Function],
    [Function],
    [Function],
    [Function],
    [Function],
    [Function],
    [Function],
    [Function],
    [Function],
    [Function],
    [Function],
    [Function],
    [Function],
    [Function],
    [Function],
    [Function],
    [Function],
    [Function],
    [Function],
    [Function],
    [Function],
    [Function],
    [Function],
    [Function],
    [Function],
    [Function],
    [Function],
    [Function],
    [Function],
    [Function],
    [Function],
    [Function],
    [Function],
    [Function],
    [Function],
    [Function],
    [Function],
    [Function],
    [Function],
    [Function],
    [Function],
    [Function],
    [Function],
    [Function],
    [Function],
    [Function],
    [Function],
    [Function],
    [Function],
    [Function],
    [Function],
    [Function],
    [Function],
    [Function],
    [Function],
    [Function],
    [Function],
    [Function],
    [Function],
    [Function],
    [Function],
    [Function],
    [Function],
    [Function],
    [Function],
    [Function],
    [Function],
    [Function],
    [Function],
    [Function],
    [Function],
    [Function],
    [Function],
    [Function],
    [Function],
    [Function],
    [Function],
    [Function],
    [Function],
    [Function],
    [Function],
    [Function],
    [Function],
    [Function],
    [Function],
    [Function],
    [Function],
    [Function],
    [Function],
    [Function],
    [Function],
    [Function],
    [Function],
    [Function],
    [Function],
    [Function],
    [Function],
    [Function],
    [Function],
    [Function],
    [Function],
    [Function],
    [Function],
    [Function],
    [Function],
    [Function],
    [Function],
    [Function],
    [Function],
    [Function],
    [Function],
    [Function],
    [Function],
    [Function],
    [Function],
    [Function],
    [Function],
    [Function],
    [Function],
    [Function],
    [Function],
    [Function],
    [Function],
    [Function],
    [Function],
    [Function],
    [Function],
    [Function],
    [Function],
    [Function],
    [Function],
    [Function],
    [Function],
    [Function],
    [Function],
    [Function],
    [Function],
    [Function],
    [Function],
    [Function],
    [Function],
    [Function],
    [Function],
    [Function],
    [Function],
    [Function],
  ],
  "componentVM": {},
  "isDisabled": [Function],
  "rootVM": {
    "VTU_COMPONENT": {},
  },
  "wrapperElement": <div
    class="flex pb-8"
  >
    <img
      class="w-14 h-12"
      src="https://picsum.photos/500/300"
    />
    <div
      class="ml-2"
    >
      <span
        class="flex ms-1 font-bold"
      >
        
        <p>
          This is the title slot
        </p>
        
      </span>
      <span
        class="flex"
      >
        <span>
          <svg
            class="fill-onBackground"
            height="24"
            viewBox="0 0 24 24"
            width="24"
            xmlns="http://www.w3.org/2000/svg"
          >
            <path
              d="M6.93912 14.0327C6.7072 14.6562 6.51032 15.233 6.33421 15.8154C7.29345 15.1188 8.43544 14.6766 9.75193 14.512C12.2652 14.1979 14.4976 12.5384 15.6279 10.4535L14.1721 8.99878L15.5848 7.58407C15.9185 7.24993 16.2521 6.91603 16.5858 6.58237C17.0151 6.15301 17.5 5.35838 18.0129 4.21479C12.4197 5.08172 8.99484 8.50636 6.93912 14.0327ZM17 8.99728L18 9.99658C17 12.9966 14 15.9966 10 16.4966C7.33146 16.8301 5.66421 18.6635 4.99824 21.9966H3C4 15.9966 6 1.99658 21 1.99658C20.0009 4.99392 19.0018 6.99303 18.0027 7.99391C17.6662 8.33038 17.3331 8.66372 17 8.99728Z"
              fill="black"
            />
          </svg>
        </span>
        <span
          class="flex ms-1"
        >
          
          <h2>
            TheAuthorName
          </h2>
          
        </span>
      </span>
    </div>
  </div>,
}
`;
