// Vitest Snapshot v1, https://vitest.dev/guide/snapshot.html

exports[`Testing the choices that are over the feed of posts > Should match snapshot 1`] = `
"<div class=\\"flex-row\\">
  <div class=\\"grid gap-8 grid-cols-12 flex items-center\\">
    <div class=\\"col-start-1 col-end-9 text-center space-x-6\\">
      <feed-top-choice-feed-option-button-stub data-test=\\"feed_all_posts_option_button\\" show-as-selected=\\"false\\"></feed-top-choice-feed-option-button-stub>
      <base-button-stub text=\\"Following\\" class=\\"p-2 rounded-lg bg-onPrimary text-primary border-primary border shadow-md\\" data-test=\\"following_posts_option\\"></base-button-stub>
    </div>
    <div class=\\"col-span-4\\" data-test=\\"feed_filter_component\\">
      <feed-dropdown-filter-stub></feed-dropdown-filter-stub>
    </div>
  </div><!-- IF the following buttons is pressed-->
  <!--v-if-->
</div>"
`;
