// Vitest Snapshot v1, https://vitest.dev/guide/snapshot.html

exports[`testing Pagniation component > Should match snapshot 1`] = `
"<div class=\\"w-full\\">
  <!--
			! a hydration error is happening here because the data fetching is done on the client side,
			! therefore the server does not render the pagination. but the client does. The error is in rendering this,
		-->
  <upagination modelvalue=\\"1\\" total=\\"1\\"></upagination>
</div>"
`;
